# Underdog Tips - cadeia de auditoria (RESET 2026-09-11 / split em 2 grupos)
# Matilha Alfa (Premium: corrente + dia 07-22h) e Matilha 24h (Volume: resto + madrugada). Cada sinal indica o grupo. Recomeca do zero (seq 1).
1|1789160924|987c33a429efccaef65d1d82e0e3645250acfb04ae73aa4507a293fccb2dd430
2|1789161174|366d138da847b557ccdbbdd01cc42f8d14f02a5c8cdc947834cd3c0596effffd
3|1789164489|d002ad1949a4094a6dd156655a7c55620a2a6b2ababe137eb6d8f0757064c55d
4|1789164489|24bdc4ca394753f16bbbc1743e00c0da8f2d04814f18e2a469e5c493ead75071
5|1789168450|206b470db2873eb342aba3059ba7ab4230201e88aa5d60d0939399fd41bb7ced
6|1789168450|6ccb691015ac0e19f932fc52fc6254a5fd5b4a7dbbda27efb15a19cbfadf24a4
7|1789168692|4008adfcb435f9dc144aa7e76cb11fbc80e9daf4dcc0425ebdbba7dae54e980d
8|1789168692|262fb6f0add996c991837d8382902fe53a11d5da81de7847204cfd08711cb2b0
9|1789173956|76a9e329d37bee9e083952bea015ea01d4082c12446d8d26b6504f6fa98aeaa6
10|1789175759|1bc7c0dc69458691c7c73cf4ec6dafb94086d610b557c4bdc91bec32c89e6c08
11|1789176117|d69de58278638a4ec6ab2325ae1aa93edd430ff24af12117bcab2493d861e97c
12|1789179652|834736d05d3feb3538ba19c6305dc887f6e41574c4b87487b8388942772b0d3a
13|1789181060|d32c0c99b367a60c71ae29ff7fc36000203f874b071061fa08d17b7b5eed10f5
14|1789182857|dc5479c1acd4d8656b5f45f56f51622acc69f65b82b5fe8334c080a10d704070
15|1789186218|78028819695e2bfc51447fb1e236dd403ca2e2d4ec49fc573089449d04d524aa
16|1789188619|9430dfa43ea6ed2087f5ca425a4ab6c43b4f4d8f9cc28957306af96909707c69
17|1789188858|a4e77f7976b426fbd51212430423c96a0ea590842cb842055de625a7e74b8484
18|1789193061|5dcc0e2cd9ce4aff0b0193fec7b36d73922f9c4ec064d9da662c491ef14d47e4
19|1789193061|0686c0e45f219280f795372196b903f8dc9d23dbf0df11981784ccc3673fced0
20|1789194261|fa0825165a0934111b46565376046757fdc51ed485f9823d1873292c708db50a
21|1789194863|9f37f696df6010e621b598174e341139b3473bc324bfd0f90870c082d543277d
22|1789195224|69ef41bae6d6f3dcb8c5762009a8faf8141feba6cf3eebbfcd175232f417fd7a
23|1789197268|3584369dab1bff019c610b9a609e4a59dbf887a46ea865935e26464ea73cb8b3
24|1789197742|7c59e36c70dd342783e34f5c89f10a1dce3b39859a513404f493667650df1c73
25|1789200624|15ca8242a84b08e115fee4173ca570aae4f1cbcd6a2c69b5a69db42d06b1496b
26|1789203623|beed222aef0f22ceef631f74562d445c3dcfb8beca3784d8b6956725bf91b80b
27|1789205662|7e69d2b0161c6e168fb9ada524c866980c03426a83b8bc2a50aaa6d2d6b482cc
28|1789207460|24d7dec578a7dedabbb77c1ea7a1bee9dac5273e22be622a291f564c03649b70
29|1789208671|b4c07887f99043ab262979d6bea316a33a89d4898a1fd63f47c95e68218b39fb
30|1789212627|2dddf7c3eb4c3ef7b34ac3432203f76a90a351cb929cbcdc6d91b247f4495576
31|1789214662|0f40624ac5a0ab0c6a9f08d77f111f41b20466183f2fbd73f42e06602df39e09
32|1789216223|e3151c386abdf66506961ee5a74dabf9e252e8ff8b0ad42b47344ad7113b7b04
33|1789218870|33d89c69bbc18b89c1d50d5ac10aae3d66d4748ec436385b5a8766c83d3000ac
34|1789218870|03421cb0d67fff558812751516b192f696fae00d353faf2dde91d7bb8f823bb7
35|1789220663|2717f22927a5bd2fc3f3ab8f00c58f256b846bc070aa4d218e4c64e0f17b9373
36|1789221265|8ab553be4f70efd0c88a5a3c04fff854cbde08491b94fab48953ef0f27a9f501
37|1789225345|5197a15840a6f575cfd480e3f8abe4fb745fc3548a68addb5a3e385788567bf9
38|1789225345|ed18d36f445e0588cebf0f5ec6b87249eea9af0d88b21e9b26ee25269982a5b9
39|1789225945|7dd2620e028ea9ed04849cd02738f607200e638a18c9b84283db010018f20310
40|1789227386|69093ec077a3f93e27e56e14a69d30ff16f7f85af34d6b64e075bf0d5eeb98b4
41|1789229652|440664b94858fbe1f06d9543ac98aeee551401c7b7bf44090515726206d32935
42|1789230256|99adec3316c12eb86742b844e4e425ec27fcfb2243f6e954d0e004ccbfa103b5
43|1789230850|7d5f367fd5577ee5f6fa9dd15e06cbcaeaf9ce07a37e4e1c96f8457135963a39
44|1789234452|894cc8c499dfa3324730cf685f7792409a7c1400662f19e4f0256bbe30065a8b
45|1789234931|d54302228638484f16b38c3f577d6a3ff9fea427a0b5bf1d290312c855bcb626
46|1789239776|b666f8f4a5b4ee13e9428be35cc415112890606ccb3f1c8937157942fcc20a1c
47|1789242176|a1b04dcec557edc4d0466ecc7ea66051da58c38d3bb8aa478473881fa93e54cd
48|1789275061|862f2cbaa268f0100de29048f10a1ec3119ae4066ce1c5dc0a0f2b69e0adfabf
49|1789275784|9146ee228b819ecb5ee8288ffe51db44b84e13c07171d39be83812af52b5a0c5
50|1789277821|744db309d5a031a5fdae6545ac225404509f8ca7044067aa8e689fe7d66afe6a
51|1789278423|2e4d0a88a168cba8e9929bcb464348941144c5d9cd5fa932a219ffee037fdc00
52|1789278661|f412a61ea30c90b92358459ad8f6b153b70d4c5b5bb66a0050915c67b4b0eda8
53|1789280818|660061a0cec928141d64b5d120b02c6be6b522a4077a172272a48733392729af
54|1789280818|71dfaee5911a8e47e939897c54d85c93b219d49bc33874dab321b252664e1676
55|1789282018|c21904a8fafa51dca2f729ddf2ac04dd4bee0d7710595492e8ae343568b83cca
56|1789286463|61a5c364d25f58e7911846f71adb890ff87aeceb4bf37c46a565266284e61850
57|1789287661|3d53d38e003bcaae1e36b754a5fc256bcb1c02f7012791e323f1abd2f0ff42ac
58|1789287782|30acbd4c984b4170a22ea11ed11ce43a12f2cb336b7b4c1cf74057142ac38b35
59|1789288621|815a6f2f1930aa3d4a9cf396008854260dcad6be337ef2a8c75d611d90d2086c
60|1789290183|addbe938fb09da690519f934d0fcac07a1ab061a64c80cfb66661006a36b64df
61|1789291379|2938a5bfb5aaedd9ba22977913281261dd89c8d68913ba0c7d7a6f54863a48be
62|1789292220|25ba2c67916343d4698ba962f7f726a8fd95ff60139782bb089700ad1ed9cc21
63|1789293781|0480207e0e6555ab2a8f1c898dc7e0541cb47f04ddd7eb731f9d42643cea0669
64|1789294874|09b53039e245c24192d9a4e1476ab964c53351b82d594a6613fa91b552c344ec
65|1789297382|338b61ac24ba60f8b2088ee4b01899efc5b436b460c452ee209a11b187e1eb2d
66|1789297983|a583452c22f84c45b2aeffa973365ee1ae94f3342d6e0c6cbacbe1fae7d5819f
67|1789300980|ce71cae5ed49f3fec4a487f91de9ac09d1d2d48c31850b287d6b6a05ac813918
68|1789302187|ed0b478563f1dd7304d8e36b37f61a21a4e623e0143b3fdccc7aebabeb451a11
69|1789303621|8047e6c5fed10f29fe2fd6950bf585a3dc485fae92ecddad3a32cac9735fe81b
70|1789304461|0f92eb525e0797490748dcae151ca9048837dba18e4a1b3ca871343a18a7d6d6
71|1789305182|df0ac978e8c5fd2af35c1e98ae96ca34fbeedfb544616a00bf4aaf90a8d644d9
72|1789306627|0dfb88670cb3657519c05b1b935a7d083b75c06e16c3fb1a3b1ca11887b012d8
73|1789309383|603c60cba4ecaa7724e8a30338a26b955d727ef2bf7f0890a66d55450841a8de
74|1789310582|eb07e22f49af852d8446edf5c8f467f8319b0e4fecbaa62242211e58be998eda
75|1789310823|22fc9e69b14003aa857b22a3ff009919d45f04deaa744070c2787bb09ef666c4
76|1789313222|37a4bc1235f81ca9a4ad0d699ceac51a782b835f2b450cd6f296b267df5b3a7d
77|1789313222|d9f9d5e92957de73097e1fc7ee62f4617547e23159e7ac2340c750b05a5b117c
78|1789317784|8d9937a0f54d545e06b6b89d4e6b40ae7f196d3561952f2d533f489a84e234e5
79|1789320424|94c6f3850246ea078ac120fe0f2dcef9134b0863f1dac8297d73067057da19b7
80|1789321382|1f0d1f986c50be21e16909a69daae97fc7e4c268fc9b111c4c7dc7a20eb86f29
81|1789322835|96fe642c9830a66489dc78f85eccab78c782f8f48ac15a26bba096eedd5ac61e
82|1789323183|01155b79e597479c19b74c948708695c4359f9f064eeb7b741d67ea304ee57fe
83|1789328586|0c6624355bb606c988125466ed6a400222ced32a72f2259b1a2d7073f232d24e
84|1789330984|59a14e183a5dab08a1c0220ccf9198f6b032d80a2601ac0a27168d7c5d96330f
85|1789333867|ecec47e3be4c8be079d12911fc38c61baeba0482f9c6c42b137da3662bd75b01
86|1789340880|2cc072bf00b96a848ea1b305b89c8a580caf00b295f257dc9da10b7d7ef95eb9
87|1789353845|1cc8fe8d9f59835bca2f6f1cad93d4d41e22d14c4579705b2cfac60de3375829
88|1789355282|98c4aa0a3ba1e825c405d048a067fdef507728186c3884982ee5298575b25c98
89|1789356483|437a7b21ea2ac58fe8b0d2a7671c1a02030bdc265ba4829bbe0cace8bc147c4e
90|1789357683|6af1915cb720387f94df34bdd1f872c166c61582f54744fdffead4983ab6c834
91|1789361281|b617a3aa38511a4fdb81c5e6c1ad9bb59a9afbe91564afd4079964e09af2c4dd
92|1789362123|37f914b113c8227dfb4f3c27c697682064437218b45f330dd9c805a7aaf141a0
93|1789364882|608b6a717e74da8a47be15108e432f97ec6e142d34f0bd3ab590aa39d0ef34d0
94|1789366441|79d48f943146a885be00bdcb3578bc8af67af5c54401bff82ba04002de9e5f97
95|1789366923|8c00a5dc4ed2d42ac15c693c903f693fad1379e46284f595eb11a454f7005550
96|1789368133|088872fa2c79dda34d091135f1ac3ae4f1acce69239b77b5ad7baae4ffb4824c
97|1789368483|717e648dc467b18f3ce0f9e90461cc4a41af48fd8b198877f6e7a5053b8fcdbc
98|1789370044|9e75893de8d48bad8dda3e0dc37b5d1020f410112c617a93828ef02188cc213a
99|1789370880|5de9a1719c7f79b0c3fa8a2496cc98a78cbce0625683847f0845c1837541a472
100|1789371844|d93dd359cdc04231cabd2daa741de5adb5e96e4d20fd2f3729cafda26e535d8c
101|1789372682|4df3c06c15ff4d4439bc4ed4d4d63c884487ae4ef4e259cb5526cb2aaa98882b
102|1789373539|f2f918ad20027824ad4fc149523f8da6df5c307cc2b2b8e56a1dcb40b3b3f58d
103|1789373539|d11978589ca546a2b16abca45183cbe8134149def67e7db43d684fb62624dfcc
104|1789373881|2c89298420fa617d36d16e6f0ed41335ea9d9a07dd9f0e7e7514c323ddd08e9c
105|1789375452|32f8b5adb939e94eea3b96d183fd4ec746f466b424655b15242ba9536eda7f9e
106|1789377243|baea52fb0313e5e9f730e5e4a6d765767bb566a3ff5907af04073b7e4852fff7
107|1789379884|e5fc51e0219454ff8b81f82c2d08479464b229b4348b3dfa87065141acee1c31
108|1789380124|618f882dbfbcd41b5fea66cf6733068ac4725fb35b05560e5560db80ba48287c
109|1789380259|b23eb5e982b2686748b773eb5d5be6b72faca31de4e1f72c00e0303dbb25cd88
110|1789380724|39da7f799c5eab5e4aed4acd1182b3c332c944ef1c27f8eefaa5d06db606041b
111|1789384099|e5c0da89f0254ce75bd4ad63b47eda9abb67f09638cb26fec97fd61b4df93f41
112|1789384923|8f37b2b2d70e7353c81328a6a8a75e72d40f9488e9b52679d1e720538dfbb122
113|1789385643|5c12f6aaae766aa92fa1df594b318702cc5d6f26e5be85b4a36e0b5d272dcbcf
114|1789387444|c6e5e4d11016d72fa9780485f70727aa79e8ed6af8f08cdaf4124e0c7ce2da02
115|1789390087|b70a47f8e6e970404db6f88c6e7e46b5a9495af4ccc35dce0fb671914da8f73e
116|1789391045|425041e7db045abfd4fedd1f605799203074e280ea49d39945b150f10d4280f8
117|1789393086|95f1ab8c3e4e6d33df8a980f0cd7f2cacb8310cecc1717ecc3f1e940fc0e9342
118|1789394045|050a4a4e7bee7e118c211598129df6fb7441e25b8eb26580e9970bd62422e745
119|1789394768|83b317ee1341e9347d8db6bb3cf2633a86ba4ac40fb4795daac7dad7de81208e
120|1789396443|2a45188239eea3bde3eaa21e6d822877649edf5b9bafa6b9f31e1e3795cdc6ae
121|1789398245|f96b3762c0b734bcddd785f84d49c5245ea10ffa87ae1d6752e2c1524fecc212
122|1789398927|8ea356d17898f8f0517d1d7f8beaf3c40b83dc116036d42b169c458f35a8456e
123|1789399602|9b14ee134ad427c9bd3df0455efa607c878e9309583c215263b83da5ae1f7ad9
124|1789400202|005a1285158cbd036c3638cc94ccf1fa4b12fd07f54d2834944547d7344b5e30
125|1789401394|24f66c8b693852ddf7090df7ef38b234e49fc804d12a8f66e41222fb52db5227
126|1789406786|23a41b16c285fa1504f649916c9296562d22fe2de6ff24d51c75d99dd9f547ed
127|1789407147|57ff67752e7d2596123e9aa8bbe83fc73a996a15001d0f62fd43b5dcaf748780
128|1789408604|5fdd878c559e4575bcf97c888043aef9df4d5bb37e7b8c2936007a066b39ed03
129|1789408604|bc7cba5a03ef3304add7c6a525d97c8eea4b756a56f072c9a7e5c80ffb54c5e1
130|1789409550|65814788ef4ea0cb0f68a2aa8927ade475a8e04d67940fa2c2cd0bd9d2d44ad1
131|1789409793|0c8b4aad6bb722cda1d45d1711de3cfaae0fdc625a34765d160b4eedcadd08d2
132|1789412190|264e87cf46149f1c0e157d5077a295f45842645d004d70d697932f105cf0a31f
133|1789412190|42851e7605090b66d97086e42c56f23041698da3f5610d9dab3cbaaa31a70b80
134|1789412190|ec4122e6b8b606140e1dfeb8090f527177dbad9d1627960ecc3fa4323f3d3786
135|1789419413|4fb107469d7787e5c5b9c07fd728e97fbd6d57c7b584323e8a9e96c9bc839cf3
136|1789422765|964960e800242a729f4a920cb375a12e48eb12642058f5d148aaa0cdec7e0c52
137|1789438766|f8e51f6dfc42c20ed9f705373b71fd16e4e5525a0e781895cad504d34abba293
138|1789438766|cc13826f0c21e0d9f69d4ca981a0a8672935e21130de59c37801adfbdbb4e3d0
139|1789439347|fd6d9cd0e21ded4e2b19b0146ba239c9e89c3d6676bc121659d6b27fdb1ea192
140|1789441752|b485f71360bdcdaabc4a6d3b5675826297d5064f5811db1034ffd86e75bdba1f
141|1789444152|154b486b6b4d9c17d20813f84f634fe3dccaa2f8bfb7395928f7ec35811995a9
142|1789448352|630b2aca1507fb8de64cc4cd12d55bf3de3f2361e1db28f1db41528cdb9e0781
143|1789450150|ab286bf6deb22f807279e6be0882b0433f7b03cfe5f90650307fa0c4264195ef
144|1789452913|55e4421ccb8b7721f0bfd59ea5497c8a3f980d7b7b1ec4936af78e584d655c0d
145|1789455551|ca7ea119ebcddc58d366cf4a0ad83d382202ea02adc15a193c5dd3dc433decff
146|1789456391|f82c8fd72508ed5b9c26587de5e0a60233300218ea299faf734a6cd4db06b593
147|1789456991|24914dda2fd53ea1e3a89ff37e5cb92a5b80838d34f7c1531b836653942e63d3
148|1789457604|8ad8b3b1730f6b8f2542b05a4bb40d42418e3515b0e4126e89cdc444c933a406
149|1789459391|4e4ccb9181a9e9676ece9a94af32e2058785200f35df637d32a002a3c8d45699
150|1789460351|0d86c0967038c9809cc159891daa3b5a529c2e26db1780ac3855a6632504cada
151|1789462991|6850a19dfe64cfdd2634bfb9b5fee64ee1340dee16bb1e02767cb6a094427dc8
152|1789463368|a16b54e4f8baac43eebb9d1e019dbf2bf54b9eb8b75fa06905c9745607c68973
153|1789466114|d47f735bb2caa0f298deb5b26c9bc04009525541360646c4e8066848905294d9
154|1789466591|7b382b1bb1ca679eae60baf10fd8d004715cfd75a548decaeccf8559ae538184
155|1789466712|b311f9bca7656c959c46165213ca18e0a3f618e1d347ef8c5b4464bd3cb32f4b
156|1789468510|08cb17da9c4763a9111a7e43cb46f94fef9323b9ebf14a69dbf4e0be7dbe97a7
157|1789469712|10f942eca29e11989b6e52f0e0ca219bce1b45bea506bf2b0a837d7a63d9a098
158|1789470551|b26763b8ecbafa68e3634c485a777f1f0273203110026730fca3b7a48c1f5609
159|1789474994|408a8aa411950fc1702871e4f960b0a1e0fdd19c69193007b196d40f82df8e9d
160|1789479555|44494d788bd47b297bf8959743273bce18a46d2f2e428f8aa9fe5859b0c84777
161|1789482233|cb4da2c3de30cdcedd8ca62f6e9037e293076428f9c475258a33bf52ec4100a5
162|1789483749|1314d296564ae8dd860df312606afed638f4777fa6341bfb62b8fc7403ef8967
163|1789483871|37b1535f0ca2a8d6a747c7bec64e44061a75d2261ef28589c8acb0a60e269ffa
164|1789485670|c9bcd86435826a2703297f0321d1b9fb534a0d5535e311ce0d0de6c70f102cc4
165|1789486508|0d13fa82ef8749a275d23228a8b89069a6847ecbded6f1fbe194352f57a7009e
166|1789489526|f5ca13ac392fd8c77556ea71a8c3df73b297c186a03408a1d27868120924df62
167|1789491911|8100f931aba3977e620375f0b772e0f1ac0e54129f45604b92ca300e9c913b30
168|1789493365|bda254c133c5e052fbfa8f3ae29f484efcecb2706452561d1c2a12c182dccdba
169|1789493710|5466f5120fad7111b7841c803c8f7d07877d05cc0bd1b872b719b4b6fda7a4c1
170|1789494549|e6abec6e276fb2f29cba4d173c76eb3a065b586a733b188be3157150359a9f06
171|1789495149|8be529eda3615524a707d1f786338419eeb33f7fe19fe9aefc88fdc3454d6adf
172|1789497312|49ea3000f422394e89be6edf88434ac09513ea6fa71b5b87aa6e7f7db84d8ab1
173|1789499711|f950189e46c1a51fcf96b4c0d77d80481015d100777e984efe5df2b35011f841
174|1789509762|dd78d0719774f0f5ac52a0ffbc08ec8e5fde3d7fada6c6c97826ef3426266d7c
175|1789517085|a1b4f18a6ebae7924c9b41b4f237588820b44883cb33e9c5716bb5561544f3da
176|1789522487|2c2e1353f280f97f9732c172c7d696b1742292dd83373b8872267f93deee742e
177|1789523627|747478ea6dc5ff1acf2b6402c9b214b257b47c1e82cb5ada26ba4de91bb2f240
178|1789526633|f84309517b01f4a92abe552934fd50c8e2170af8df199e9eb289623901bbe9f6
179|1789528061|35b2dc5e6267635918013da2e1814fbd3854350afcfe17be8ee0c48dc57b8aa9
180|1789530222|53eeac004f38a1c81916343617ab85ca8dc992e2c5fe7961d9eba7f2c69c248d
181|1789530472|0f601f455dbc0328cf1c7484ed6712e47b208c9994afd04241bef2eb5d143ce1
182|1789531903|2b637ff996e7738b9707dfb2cf1e1229df8be7a97b8d5a5f9556ab8ab0e9b3bc
183|1789532262|2b5947d781b39907a842cff4bcb3bbabb227645f21c55234cc92fd915b71aa8c
184|1789533101|9635e0729c5e19571536cf8c47cf955d2ea46f486202e9fb80695db77785fe1f
185|1789536223|c6882707438f6bef3b758c83c98dc2f2469ea0dcead69519f6e30146aaee5be4
186|1789536223|1ae6a288a53502bd3e37dd4dfc2c1c4e8985059067f8392b5ffeeaf5e562d282
187|1789536461|4b5be98fe1223e1bfcbcd700bc7a8c8c9a764d5b70354d53c3ff50c27767451f
188|1789537663|e0162bc07ee5829f42cf7a5e778c79c0f192afd33731b6e180fb14fd87f4568d
189|1789538621|c3ff7148acf0c8be950ce60656ca2dd0fb2c82dfb078f6b1e25bd855cc4c1826
190|1789539462|fa1f9d16b9143ed284d2d8f5aae48912f764b3102c5d732f4d73ca2e2a0ada34
191|1789540062|da1eeab5c7bc87e273accf695c00e2d385ba8024eac7809ba5542cbc02581cac
192|1789540669|79afc0341717d774ef547a69e094303cd6226c1a428d3a18f757ddc17b432452
193|1789542224|615d58c69354bb3064242499d4372fb549a5dde419d661d693841ae570ce08c8
194|1789542224|2cee34b1ed29ee44a7d1add3de28476a443f913e7c356e5fb98e6bea1129984c
195|1789543663|0ef522464a5e69da0e1aca1fd2d86e7d25afb541f99049578e73ecffac3772ec
196|1789544024|d5993468f47c0514259f44bc1ed5cd1902edcf3da68fe8ecd4d13ebe30cd7e07
197|1789546663|cc21a6a7ed07ab8353b9e63945c8506b075c0b6df53ce8a81c5c777642013fb8
198|1789548222|ef5366145b2efc96b4981211a23b1a69aeef1c7d6c4916a664dc1aa3010157ec
199|1789550264|8fb8ac7be2c46635347f01f0cf7f6ce9a9074c2fbf641c4bedba8e7ec4709b4e
200|1789550863|9d069a27cabd9bbba691669e02105464803e9a2704186a074866e0922124ed5f
201|1789550863|36684c60ce5c50e9281f42391e5b74d269ca3d0630b7b419883291c2da1db37f
202|1789551464|432721218beb38ae7169ddfc5dfaae15a538aa44f69a9303a6ecbc93eadfc22f
203|1789552182|91c606951969d42e4d6fd9bf52826b29c4c0385e9e7c023fe829605ccaae3baa
204|1789552438|7e032e3ce346d43856cdc4f8e3c24076111dc3fb67f232742e597718d240b84d
205|1789553861|8b23b5c6127a3a2811436167f6eb7705936ffba757fb4fb3a7b8192c9721a9e6
206|1789555318|3367878f5c265567ce5dbd05160896fce7f7bc6051b33aa06620b7692dd20a59
207|1789556864|aa73dfcdd7709e17ac00373ad673c11a77ce0de228fcca692f1ffccfafbf3fb3
208|1789556864|5b498c65e50fdb5f8a9f32f0a8d0771aa78d1f4cc0e97be0ad4b255e99c98b56
209|1789560226|724f055003424759ec7c8043971f927f02210bfee45daa76f36ea159a1beaa2b
210|1789562867|ef42cd12ddbd808fda33ca3eabd35436eabd75ce6650a3f751eefe444fe6e67b
211|1789564068|2cf309d09dba553feb8397f3f5d2c7596c9ebbc5c1469ce2f27e1a18fc7e07ad
212|1789565624|62b9e7b85b26d2e932a396afa78712615ef91f70d567626d0c4ae82964b0b9af
213|1789565878|7b0f7ee44e365a7c8fe1dc6c654369acd15f31d105188662eef6881571c346fe
214|1789567426|e01839623c6c50bf017db798a98fe0d512f6724ee039421383cede498f25c65d
215|1789569224|13efa3a08ddc3784c52382886ea2d529bad4b5066b3291ecf8c7a0e649dfc265
216|1789571265|1864ff141db99ee32bab66ea84ac23a274aaf67f5e33e118a68c9d58f0ee276b
217|1789572827|111edecc4d02e23343af81b8f35a7bdb6ff8902697eb82623879d8a1322ed063
218|1789573664|d50ae3524e7c6b6b0ab636adc8f4772fb89f249cc7c9cee1efc7324b6df0f2de
219|1789578418|6d1e48f1a622056d98f98fb189ea3c7dcbde19aef03f2e2ae6344f32e63b3b30
220|1789578418|0e65c0bcbc6257ce02e33639d303f7d87415337c56927d5eddf8d0aac2d0dbc8
221|1789582624|015c6a5ec5a0ecac64ef7034f82a097715e7c2abd80a304f4d8ddfd665433abb
222|1789585636|ae43de2817ee8d7b659681911dffbcd7a28dda14aabe19e9a66c31b84a4dced6
223|1789587662|e5c22878bfff3d6e042b478d62114854b9ee55ba4f83cab3bbc29bfbe4432704
224|1789589582|ccd5cf0d1a99d22b8c80e778c3b5e3a57262fc4a3ddb4c96c9c45c7c76729fa4
225|1789590064|e665764a55f16303cd2f0ef0ad3c8c2e6503a6b0236972005d4728824729d830
226|1789593660|6da5bf12b3e7350ceeec4a6f3ee3c19d46ea77007ecc4b4d9a8dcdfede499700
227|1789594620|a904761eaa5ac7bd24269627c54656c334206621d61e059aee2d1bb2d94e09e3
228|1789595599|ab3ce47ed3e279ebff975d5175e27448fab922d6278faf6de374161436a10cb1
229|1789602952|0bc03f6db8e5b60acc9749f28e428155c90d6a51f93073acf7a201b97dc27b04
230|1789608950|acb4e6f42629a7df9004ecce73b28ac6db6db33770800706ef300c77d60c6db5
231|1789620719|f82ccdf61fb384d48703214e58f7e87cd5c4195e059afd186fa744ab19927b03
232|1789621556|ab5d63c9b44d6d83ff72f26b713d3adad5187f6e1c196cd3e1d44e750cc4c59f
233|1789622515|c31110243a62c18914d780111963bd1b0fba3dabbbc6867d93a69800fc130e43
234|1789622515|d0e457a963318f15b06d8990e2a51b7b58d6cfcf7c5a3509f153fd5a7ba2e793
235|1789623355|84a133b1c682a0fb22c306783181883e0efd52ad53fe6efc3d525391381966b1
236|1789625166|966bd911e92ac3593b84617a4e82310471decfb55591e189ddecb4e6bf2da64b
237|1789626956|a05f9bc9a6f1266e3e28b3b4a5193241d8745aaea13fab8e919b8bbf00c5b282
238|1789627197|9b76efc51dabc389d9d589635b783c553969a1f663541565898b31f2953a4592
239|1789628757|95bdc1e64f0b6c2ceb95d7e180e311da69c8212121c107f27321e031dffb68fa
240|1789629971|5a9d82ecc2adf1f7eea2c98c14a26dbe1f74060d06b960f4532d442f60f87394
241|1789630556|cecbfbdf3ac34ecfd02154b9e0c423eb48b054f28062378ef870791cb1567d1c
242|1789633318|24ec7cd1a3fe1c514680a8534c821f22506a68736f97f0f66971226d67d3db5c
243|1789634398|9a13728c465e940564310318454ee1fea35cdc41a1807997f16ec3002342d211
244|1789635958|3b8ebbeefc55f705c05ce7b6b8290154868f0899b45f6943c8128a51845209e4
245|1789636919|d4f0b7d2f3e86338c4d38fdaa5f7299f652f1d1584f459860eea979b6711baff
246|1789638719|ceac82bd8d855d156b10f4fc4dd9fb9aec4122d99e2c50261be7da43a5c025e7
247|1789638959|4e07a254fafcebf6e79f382abaee8d7e4278b9a9c3029bc07e8908fdee8a5baf
248|1789639559|34f4153344b3106027bbe91ca54a6bdbc4ee8aba94b4d27423c5fdf28d29f4fb
249|1789639559|43708d79e114e56c9f4b8652a614ff85571ce5dd7f9edea738f245ba1350606b
250|1789640173|a16c7e58048fc9c7a8d472ce630fd7dc64c7ec8228c93706f630d04710946753
251|1789643163|960ae20a91478d3aa46e71d6b9756e814fdcb8cf8ee52839ff63dd21dffdbbd7
252|1789644361|09015336f4c5bde06cdc5ebd86f7ebaeb64cfc831c43fe341481da782fb53b61
253|1789644361|89319ca3a6c716d7fa93425eba7d29ca3aee3e26e13d5a38f9ad96d2925ad489
254|1789645560|42962d8e9e2988b7be281bbdfd4e252ea9e73c394d761f4d4e4990485009e3f4
255|1789647362|4247f82ae9ae18bfbc581c0de67cf7d197d6ca1254e4e8d7830031c4be517b33
256|1789648921|ce51a19aa781d281aa2d1c18e81ef8f134c28cb917204a85396fc85c3a390976
257|1789649402|fdeb9722fb39f0c1c10acd5131e90264245ac28bd66c9c801e35a4234d470c36
258|1789649522|748d64c4eff57bac4aaae331ef8afc2c47de046f3883a530aa00cfb4c82ef581
259|1789652162|60bb1aff14b44138e4690c418cfb6326449c8e2bfe14541f2f73f74f4a3bf51d
260|1789653962|7c94b7642e48c4d5f704c7bccb1690084f6d976ea87fcd2a2d0953b5d46b31e5
261|1789655402|d78af89fd82afb2be59d6757078555c2b5ebd922bfe65476c3e949f02171c5d9
262|1789657208|e70da2226e9850f6e4ae49327bb8389eaaf09640ce5b4414ea00b5cbbe9d20fc
263|1789657566|05c0888a7cce2fe2659323b86aa08c01e5b2d6e97a48e96f48e6c354ca650a1e
264|1789657926|453713de7d094e19a51d102d05cad810e53353651d26b3d59c2f127738a745c1
265|1789658762|b0c5edadb40a5c8d08863c149500b962a9be28111af7f463a0b1c1637a46c469
266|1789660563|8cb605da57d987d7e51e1e6a6e8c6f7e95b31d90285ce0b79c55532357669783
267|1789660924|2aa37051a428d0fc4d73e994e5c6fb36ec40fc3aff2c4f49969440eb52c3791d
268|1789663925|59469fda44a257c31087c8fd5ac4553d48e3ec10d37873ce8e4057c00c14a5b8
269|1789673170|54b2768cb638f14820996c4683186caadee5517b171d856de4717e580563f96d
270|1789673170|d1e0667ec42a4227519dee3cb7acc8fa9828f85ea23d20ff2e48bcbc5901c01a
271|1789682775|57927f01a9c913f4fbebce86df07b11da48f2f421e8ecbf7971126cc0195b249
272|1789683511|7ddead69d4da1e1d523c8e3f022eaba970e9bcdd66763503708df7fed73b4102
273|1789689973|2285510053b9e82efadd90e4e596b5cfb1e2f1282f67d51e7ffa0ec9422a9055
274|1789695389|5600e057ff61b06ee9e29fc4911f4e3488c0c27d76aeb39d7998d8b496fab972
275|1789702332|ec7a2b3e1be8133ac8dac75494ec2d5f85c02289f7e20b3fdf739edc483a2111
276|1789705335|6064300b9965cc4e7b60b9daa3443f7a498c166294e36a6a488d01221f0278be
277|1789707618|b3305bbf39301e7ae8286cc031861bd8eaa9984b8d393097d0eb127074bee773
278|1789707975|9994be18525d34ab90fc6a71fd638bc492f015cbd2d5179835839ed54cd3640e
279|1789708934|3872189fc5fb6307c22b27d1e0a05b126112155c321e030114e242b0ba0ccbfb
280|1789708934|66893a0b24a71da4f22cd9ad5090177aa88257f005f927df34e01f399b4d0ba0
281|1789708934|6ac082352db821818fbee96ff0925b9d4146cf02804f3b6c67ce9211278ea92a
282|1789709786|630c5a305d79c61371348da28a75935fa894598118f17c42e03a974eee91986c
283|1789710744|a2917f03c748deb0f3d78b1a3796b6a65108adb78a4fbf0e955e8b54b80b43a3
284|1789712775|a9870735f25b7eb344c51eac93723284891202577068c932a0e376239fb8b203
285|1789713375|fdc53e3546037095f2940e1beca074e7be8b5571066efa7bd47dbd0f1dc23a7e
286|1789714935|cdba49bca423fd22d5df211434c51fbdf670fe4aade87174bd1c9a0194979963
287|1789714935|69abef8227fd9700b02becf7ca41ca701c1e3ccbae9f5f2d1ea1cec08456a737
288|1789716975|05468fb220427b63cf2f0d94499011076bdd1231003c516651c09d717ddb422e
289|1789719376|c1704cd0cc2e4d3f3c9038b76acc38500566d34b1b5097f45bfbf210bd44e75e
290|1789719735|eede880f4b1c3a4a146493f4b641fce3040434b5c46d636ccf91a652249b842e
291|1789721536|498ade0f8b165cfdb592b04f7795b8fdbff16f3c35c5684d2738a191afd1a02d
292|1789723336|0c5f9aeaf4b4b7e287192a387a0c838a9bd9cf15ae4ac985377de3ad3c34a1ad
293|1789723336|d9473cdf4639595f25c66800e480df61a5c98db9697913698baafcdd50352122
294|1789724176|d802ae0265ca890fd98985c466ae49a68d2bd572ca9239329478da142673ed84
295|1789726937|9c02c7d94d72aba478c1f26d5676e664f8ac137df6be370294c79936f6345338
296|1789726937|54551e768db7f47231be19cdc39c930c6e9ac0d04ae5641e39d1454cea90710a
297|1789727178|cfc6d2c37311ed8633777ae3410e80a7f71428c716f9800027c93bd9a4b71576
298|1789727777|bc9ec4ec022f7826952c1967c6285e428a44806ba6e54d6e8de9b78089db92d3
299|1789730694|917ea3ae468d1c997b667a44b1e6c0150eb40332a0cb0f14825b8aac02047313
300|1789731294|dc1bd6be4de90f4f90f3f4ef5a26e6379e0af5c90872c643ea3e6e19935f235b
301|1789732749|714a09520b2626bcbd1de856fc2efa346b591173b3289b55feef162be10c8578
302|1789735496|5d04008a9de62e61f2384663f4034076539fa4d9b69e1f2d814647c3e2af4dc5
303|1789736337|2512c47a27792ae137ad865272349c3689f9b8dd1be0b32fc706c8cbccd1e786
304|1789745338|eeccf725f85a9b0ad5065742bc11b522bc4c61cc344a520dfe495ada6879b9c5
305|1789747495|6d748296cd4347f8a0f6a5fd4538115cfec35b63c056c61566aa82918dccc1a4
306|1789748335|77985aa51b8fde8b4c2f3286f601f42b6876d15f333b7454608ebc92afff5aee
307|1789748934|3678c59e91efe9fa81fcb4792d8539160de3f1233572d24a6d5eb752cf0f4bb3
308|1789750748|bc6ff2e4f76f6eb00396fb90eb7ee828b5ea1db9569edcd1a35bb6cd2c5b4beb
309|1789752542|89b61955ac5e73242e4ce67e9f8dd5154642f47236845e21acaced999787d185
310|1789752542|6a2a93e4c30925bd9a999f4c5197e8f0828239154e54a8d027becd58d86e9ac1
311|1789753861|4e9b8e8463f8beb9fc3faa34d60d807f447e4282de18f9a3cc0075447a145bb9
312|1789754340|c0209ff3888b76d320f1162273f91e90d0e3837dd75964a1ceeb69059fd30999
313|1789756739|41bfb99ecf4cf87190a5e51b2d83b8784c8ac5acc163cc7c485c275a91b5f243
314|1789758301|95a36cca88fbfb224e486b299da91e660efb574ece961ff3df4ad1bbd1d169f7
315|1789759740|e5bf0d65eec73235596af011612d76d66da76e946178f3769d23cbe6775c471e
316|1789762739|d9fadf4975d9f8c79059197b609e3d0969c518d7bfe3cbdc21e59ab41f8d4a35
317|1789764299|059076fb0d2c0661441b41e49868f2d26cc953193ef98435b0d606d10f931da8
318|1789766939|757325fe554a93d9ab9562ec7128de3d940f49f01af0b1d36274948736711c0f
319|1789767538|8b9eabb01a29ad9ec10e0bc8b2dca8d66d6fca36809f808d4d184d5908c0e586
320|1789769594|3315c90e38a249cde65635b9c2523412b23ca81ea6b3fdbaf887b3c5e87da64a
321|1789771139|3050f5362b58c1a3ed28a0db3acb0940720505ed2e72962877f091735eb354ef
322|1789775112|3377432344b6ce6b76f611bd514bf737d8adbac035f45e00e14149d1e93408bd
323|1789775349|5dae28bad8cb3cbbc66ecd40a5d488e9f8fbea7e2fdf3a66f1ae74b5b35d405a
324|1789785185|b7510f30f6af03bbd59117870c5a080fe57e22f55ce08ca33f49a0373a221309
325|1789789387|f79e601be5fdc32cb5a47cb35e233577daf92d6cc4b312f684cdfffb1a8e64c5
326|1789792499|339a6dd94031bd170df61e70fbf59ae6889c814fe7809c4d22b4fae8707fccb8
327|1789796097|74904df22f74b1ea363f20a38e6050a801b44269d1a0381bd3d62cc50d32c263
328|1789797916|78411e6821c2206f51272176f112b233d93d43503e02907fe3ca54fe7a7689c7
329|1789799340|d32a9c8f4165b262b7982e789a2c1932168e00afb91944e4def9361c6846f94b
330|1789801500|59347fa9d84570b454e4aa9701a9a17d96eadbeba50f74afe893d7e7b34f2bb0
331|1789803061|f1bb5995632c8295fbc989b547d7f95691060f0c101958ae8b10dae01b15e352
332|1789807140|27baf2532450f6e80812acd3f6ef9891d314a1cd3bd6e2c2207fb2ca6a057931
333|1789808100|97ffb3e6b869a12a3f4f8c779bd59e33741e589a8f4c097991f2e72966c1ab4d
334|1789814101|2037df5943db61001dedae9077a65d2d6c6e5d8c5ae25512ac02b483da4001f3
335|1789814956|ef00d8c583ab9b62fffad8353ae4655e789281ad4fdb4a6ef835f0ed30eca0d3
336|1789818660|467c5d373c44e20396b8984636e59040d2656f85bf9456e20bc309e1ebd4b5a1
337|1789819139|908f08b217bc3ef536fb0f9d849824576d8712a22937e9f0e6fc33a8f29a4ce1
338|1789820701|0be92ab5f9de70a4c32a2d7f822f1d4ed21d48022455aea1e0a87bb46f25a879
339|1789821900|acdecc7d5fbf0ff88a816735ed39ce86223dabb18820ed1304d7308b00fa62ed
340|1789822260|7ed3dafd29466140c6473661a4df24d9e2bae6fb08ac5335b431cfaa9932f3eb
341|1789822741|e2b33afc14b275b3847bde8add64d532a32007ebdb26b334efd259f21ae7d174
342|1789833303|dcbcf08608007c6153b7bace3869eee5fc2600b9d0e94417a8501c865fff08b0
343|1789836300|a6ee2f61d3319684d983645f30fbe923cf3e3571ccf0e85518889d32c574972d
344|1789837500|6b0360c90c40233da3466ecb1c1de93210bc29b4eda925735466d972de19abba
345|1789841099|c1f1cb34ae0c0fa227d93c066b367813a947e28ea25593bb733ac7a0e9e0c1cd
346|1789842316|5982cd5c9d45e9e240fa06d9dcc688bf0fe221b59e482e499e38387574482c0b
347|1789843384|703687d3fa0743744b001ca2280fcd1912d48ee3149cfaba7cf8bb8c51306353
348|1789844830|0e70f2751bc9addadf325b70ff85575e43f4fff8902906108898afbdd1d48bcd
349|1789846978|c1ef1d18b640d651de44f2f811c4226d0b06e464edca575fd1b2f5da64825ced
350|1789878776|27216e0a2e9ff2223461b7c76c213959b3fa80e6bf6bcb39b699039834015f3a
351|1789879976|813c8ad4e0c42f9d1e5f983646ee8669cf7153291c10460372ee5a017c2ed241
352|1789885617|7cf8251330719fa03cee6db93fc96c487a3775cbfd5e3ac6737c0964a10a3acb
353|1789885857|a81264adcb5ebcf7d6debb5ff6612017dbc11df11fe8cd95b2d12279e48ffdfd
354|1789888378|5cc5759a876be345fdd8d7adb87099005185d6121ea6aa311b59a718a86f3255
355|1789889576|59b06ff8aa6acf667ea6564b4e7697c3a90c722d5a5e4726603065d5a4cf5cd0
356|1789890777|f30c94d9b6450b29ade0d356b2d5601f7728d60faef53afe7082fb28164113f3
357|1789894977|41d9d8cc37ddd717ce7c913bc4fa0ff1627ad973396a9fcc10991792fdf881fd
358|1789897016|64f6a42791b1d74c31995a16b3f7e3cafe14d542455fe5121e852344163d66b4
359|1789898594|d605e991ef5b8a92e28aee3d889227b49c2c089ba9fa143aefdd63671db6c220
360|1789899550|a116543db1e86e987cd3f1f0a5122444196ab52e8e9edb67235eb71e56458d3b
361|1789901338|0aba27f668985c9de08eaffa54bbc35982b7d577f3a76169e3ff6c21707b130f
362|1789902177|59bea7a69c7759f5e1545adf6524165792dc5475bf04ed12f1069acc5d84239f
363|1789902430|1672afc06919ceb8780fe0d41d8b18acf600908f8dec33bd4a0157c7c275ec38
364|1789903736|4a33d3a7098259b74898eafa76e36d480c8d2f3c7af10cc496929d5251ee6ca1
365|1789903976|12602afdfb40bf141a27cca394c8af7fc317f4b5ea172a10c02e5d354b19d354
366|1789905898|9a6fc80d967802e46964a07da2fc10834a5ff1fbf0bd46787ae76a307c1e9e97
367|1789907098|f60ad50e149bfefbba0020b5ac72648cb7e8788a1ca6171dfccf753b98f619d8
368|1789909377|4ddcbde62285b8d0068a8c7af04b464c088339a922f5e4660b89d065ad5edd5d
369|1789909976|8a1aa6a62dfa1c9042a8fbe069d4c5ae5d780cf72acd0e704071041c87ac1044
370|1789911177|2a25deede1caab8a2b60915bcb5f0eca60746197fc07ad3842780ed3f26dfa81
371|1789911784|13e6baba61354e2c82dfdc57161d25e14ce762204a132348bcef074a21674da6
372|1789912977|ec8911c4aa88a39c8d2a645dd70b37631e714a32a7ab465ff3011a79e0a11273
373|1789912977|d2e637fc142e56567aa0d84eaa785ee5f5a62e7c4d10c7d3092f817d7b7e9f86
374|1789914177|6f368ceef62976fa1beb055c1e083deed5fea533154b7982cb30d2e000e0539f
375|1789915977|3691c1cfadd812b8e49f8aa438f0c5f19e68f0005ba7f6e2b0311256be2782ef
376|1789916577|9175fa9fe6610ba58054ca4d6ae016d4bd5a4e9c728dd56b6b75b79b42abd95a
377|1789916817|4b185b0fa64de87af808ddaae3402afd873b4f80e50ab76643f37c5c507930e7
378|1789917538|b444e5dacc393109a2c68d10127dbc39cdfc5cf3ff94f3095aec1c0ab94ef736
379|1789918621|7e8591790a901da5ed1dbef1bc251b12e708842119730fceeab16e87b86c466a
380|1789919824|28acf505b163cb3cbd31113ae27493ad265ea72cb0ed485270404f34a72b99cf
381|1789920783|22e5dea5a585a180268d5b51b28e1abb9a128dbd1c120af28de74ab0fe034db4
382|1789925584|850d28b2a59d8aff0c65b10b9c54fac37e2811dc4b89a6aa4e7d8f3fffe92388
383|1789926424|da4570d85a9ef8737e976edd445a2c18628a22d46f74eda98531b80a473f214e
384|1789927384|947f9d7ab602ae009502be5e1f93cce4f5be8bbabd390b07144f0835db4b58a2
385|1789928599|0b4b4268763a555a3431e00a5ab891f5969fb1ed140976fdb23803bb12970298
386|1789929185|50b0993572f28949717410bae2d5a11cee9ff48f072c18f5468e85b061e657a8
387|1789932185|6a4858265b19985c236083ce4c76d9a7fed0528bd6e61b5148a817f41ba0caaf
388|1789932785|d766f794208c5f17624275dc641c3bcc5c426a787e4c28de812bd48514729cc3
389|1789933025|8b5fa598fb2b8166f004f7fefd40c41aba97bb8c7b7f38a716a8e66512e8115d
390|1789933392|75f5635e6458e05932b0fea64c86ae4efbf65b10c939e418e9929cea3b861a76
391|1789933983|3b5514275a091a3a15e1027bff31acae812818f38cc2dc69c5fdcdf6fc760f65
392|1789935928|a89c151674fae3e077e2d85ba0a4b1a97c7da7ddc66c576af6b2e8e59a25fb2b
393|1789935928|5635b328b9c786b8f94f09dd79cfad364bc07e3d4c5afa4468d6263500b0ca85
394|1789947571|adf6663e780b9862effe83f0ce60356351f508e87444e89ff3d49a13ea7d03b7
395|1789957431|1ee0c9553aca397430c979e1b6fa9048401740cda93aa86672d084a59753de5d
396|1789958632|2bc4caaf9dfa6356558438009ed58c7ad92619f90531433dcf103b735f207d33
397|1789958632|1b79f2782e41b4ebc9bd8da44472e85962d924c12a5b199ba6d2133974934494
398|1789961271|56fcc8e479159949f85765051971f878db35786acb47b09c2618de60de88c28b
399|1789961871|96ba9dfa27010cfeeab7d925fa09af0595167633ebbd474581f067fa988e8ffe
400|1789964271|b3c7f54516e52f56d4399643c688c4b9a39118f9d9836cdfed3fbda0df0776f9
401|1789965110|a5776f7551134823016679138cd02f3c00eff12ce569447e8f2ca2e795a6180c
402|1789965712|1816780379487b6982aebe58b175f5ad8c41eaff1ee139688d3f29161a6c9610
403|1789966071|0e0fee583b2ce526f2f9e0240dccd8f3ac005e4a7ec9b0d6bb8436b78b3570a2
404|1789966912|9e747bbeb4f207b74dc6693a66e2dafc016e844b81580165f0326e12f4b76302
405|1789967032|dd9bf6830fa849b6519d640c5fb6ecef090bf5ea18151633d5039916934233cc
406|1789967872|d5e53e6b41efc418bbd37e2a75344e7cca774c391c9457bde7ff21783a47e4c3
407|1789969310|dc1fff18e27cfeb303f46e241a8034ad04c15e2988dbe5372a6993e27e785c67
408|1789969686|d0ec710280ff9772cdb84f34a563aec6dd64e21d75d283ebc2aed17e3946bf4c
409|1789971470|a823306f82c163263af33398949deb4da3ac55a20567e131b95953e39cecb64e
410|1789972670|1a0217a1c212ae486aad12c339d13c185edd4a9ff6a460670bca17ef10f8c390
411|1789973271|6c51a40920cf5de36678a0164c1e2aedb16fa2a007ae4d2529c9266273a097c4
412|1789975070|32d66c67e0c24749920e213f325e61127f282d1a0492e0c01d5ce11ff925c473
413|1789976509|e070bf083cf293931a002bb5a8a833b1661beff6580b651e75205cc15b0e486a
414|1789976869|0a7c431de8b08b2b48f796b2e5f9a35e3f3c67f6c34206b2efae4864eccd61d5
415|1789978669|ef135c187680d57873bb6136298a22ece1d44f2733de518930f6968a19a3ef9c
416|1789979870|e46462ba06422b8268c3614e12174be83f335c3e7f5e9d615df8873835bc04e1
417|1789980242|9b1ae776942c68c6ea5c5958780d01497551718557899a11013a09cbeacb4a4c
418|1789980470|54e78bd514c02899638780522061f7a998b787fee8e8a1cbf294e3e2deae6109
419|1789981431|9f428dbeffb991f67e580f8b8054446eb085d255013160645eee60fb2dd41525
420|1789982270|43b39159c13ad901b06ff900ec7acba2618c5422e4b2209988abc773fcaed354
421|1789983232|716c55f000cd4553e7ba58f505be5d2c4de65ac075f815c10b7b7d49d55784bb
422|1789984085|80ad23d37abaac6a1b5c149c52da9801292412a149688f6aecc5995173c075f9
423|1789985043|8b8df36e1136e11bb225aaaa390e7dee0c90ef003a9546f343bef0319163cf24
424|1789985871|90058ab5632b7022b466c8f82e8af981b40b55655b04b8db5f1a3b60ca2a7acc
425|1789986831|5f08443930c0f14344ee04af1a21fe90b12decc61b1efedfc3d2e15824c208bc
426|1789987311|27538eafca79fa0dbf3d9da68b5eaf37d61b666fa5948953243c61f704e9c282
427|1789987311|52b9b6416343570a5f745da7cbf9354cc1cedfddf89860510228e27338d6f575
428|1789987671|2d011b7ec4380cfbd4b29868c4542d022855af5c74522099ff48be8698e09b55
429|1789988632|880281446148cccb8ceba4d9cc573d575f59308291b7f76e34bfaead9e0942aa
430|1789989230|9a673059673d9b180a06ae07c1dd296ba03ba08425f2c3e1a7fac7c4d541a41a
431|1789989471|7b9ce35a2ace2a8ddd2d80954ec2b223e9b4fca547d563a5cbdc1a11e268214d
432|1789990432|7678cf0ed94e9811b36d90731078eccc61b2edbaf49d3eeb62451aea364784dc
433|1789992834|b98ffb7099216d511d9eb43386a8a44fb9abc98bc705d20d1ad438bc613da5a3
434|1789994881|2dad100ad9aa6490c36c573469b4e4886349e48445d0e46103e03d0d7ce60f47
435|1789994881|bc6b5bea3ce0dca3ddcade072c2e99620cae2c54ab6153da399c5e06d25e223c
436|1789995832|046892d1a8cbfad859e2c2da5a7dbcbfdd01852bd96201e07cc9c8188ca41e83
437|1789998473|ca7811a61d606d549b22e462e67c4720d81c151d7ddd8aaec0e248fdc7fa149c
438|1789999432|51cee70d37eb6a78a4eafc8ceb721812d0a4f10a42fc94a80b84611ed0395953
439|1789999674|0dbb1fcebc22fc42e6671d996ed8ee9cffeb32d978b711824c557cdb2af0b610
440|1790003270|fac4194471bf1131f848eda633b58db3202f4737dbc38711eebad324b133f2da
441|1790004834|e273c39b2ec2c52e6ca60a8bd39829829fda0cfeb16353fd923db75061473ba6
442|1790009783|5913d39107b7cb7adb11b539067f98e45857378159c04a9bd00803d5fad2f3f0
443|1790010143|fca65b8ba3c805b106ffc81dd8abb362fa9161261abb5a4c303965d4bf262f02
444|1790014344|451ee0363ca2ff8ef8426fff72a1863517d3c48f62fdb967c855e2d1d0f60abf
445|1790023588|e12c7b97d274c17a2caf91e48731e73d1552cbcc3efa2f5652a91e5dc98f0aad
446|1790045547|1ce127c139eb5fba8bd4f3ba95543a8d91120a0c7c7a83e8869dae9b53eb8b50
447|1790050231|00716154a0f60c58daff9080889fcfa63274a03c78ac1fbd4f1f1978ade555a7
448|1790050589|095bf5bfadf20d94309b76a0fba1523277158494afb7975ebc266256bcde6e1f
449|1790051190|5e94aaabdf16651211c7b717d0232f8e24fd102065d55adbf6e69145e69ab833
450|1790053231|a199942b3b6d4a08fe5cb296425039fbb0fe5a9a15d51a48a12f843f5cea210a
451|1790053350|622f67a7ca2ecc540f5ada09cd781bd034ebc831bb7355f596e49f3fa1887898
452|1790054189|2a3359b248ec3b774da35f22638d14bca7f8a87069307530aca445fde59eb244
453|1790054549|ba0a9a0c9fcab18cf4f9279d65354b16ca7f99176385ae6dcad2c5d31b59ea3e
454|1790055032|4574ae0d59973b3fe493060c30bb1acca9ff329d9e781016336841097f453e88
455|1790055150|e7633f699d8ac80b475edfd729ecad46b456adfd184d680d491c6e1c75794a23
456|1790056950|aac5d2ecb8bc61cf9968221ec1e70ef63bb2eb229f1ca62ef40ab7f8c5e70757
457|1790057550|27ba6b04fa4567703bf89d8c184d1cfc402bf411833350d2842597a55da27a1d
458|1790057789|be45dd9a8c72c19e4e68eeb9e10715899b7272a1dc8efa95fca4645716d5b67b
459|1790058033|be4c28b601a90545ea57f6cf24edd018ecb633d352151f0c2fd8a30ce97d27ef
460|1790058635|c7abb0055bbf8a2d6abad4d93213ac2c7a85138cb8f0545c47fc3bb18d83153f
461|1790058751|dc6548211a93d3a8e9472e3bfc274948d824ba59a1a39edc0070d3af8957e4ad
462|1790058994|bc10bf096755234ea3e9dda568fcd53d5a60354512ccaa4aa13e0912bb82f72b
463|1790059709|0d3102aa044f0e6bb92f5c1f60e1e9303f088d7cf8164109a547ff30adb96d53
464|1790060548|90842dc705a9130d78425c2169b4b4df6d9b9a1c92d79bc0a4005091f3842a37
465|1790061510|5f97bda1a0977bc6c0bd62bb298481d95c75e0e5c102b96ed74f5fcf6ec74e9d
466|1790061991|e912a78fd8809733ec86745023943686d2fb48d6c25238e953cc9c536a2bc585
467|1790062351|c77a1f09bc401a31fa8ff84bf124e8d7af142c73cdd9b40fa1ebeb3e12aaf804
468|1790062947|cbd2f6f29dac7083782e8af1453b8f06205dd94b112937be9d2cdbd8521b2302
469|1790064748|20cc063eb825fc0b559c789c5fc5a4109bc1a79ef73f430657d3e8427e61d48f
470|1790064990|0021aac07106ddf59cb8126cb7186980722ffa92751f747747d63a09a26beb17
471|1790066790|0f6fe2cc1a753a0c5ba19c01491cfe1375e19bddcb9cc78e45a4c1d4fbd0613c
472|1790066790|aa62c9274e138ebe81827e6a3da222e152c1edbe66ce88f936cf4588a9de3e97
473|1790067747|304c766b8dacd23d3d2c2b22c9fcd659f127036191625fca70f0f0b72a881361
474|1790068588|e914c1410a3c8fe231daea9c2084c96c82bf351f9ec26631e571eb6486fdbc64
475|1790072190|3967914e7ac41add067f86c3d4ad5a41eed9b6425fc5eea5d710b0873877ef45
476|1790072325|5d90a01ca5418fd5d3b4d2d2e660be47ec861bfe7c6c3616e4a0c203dccca2bf
477|1790072788|820c4137f11477d62787ba3f6abdc95ad75266cc114d7f3110b309a58c403e74
478|1790073148|cbd6abad3ebec7eae37930ae1c3ce659d6380163cbcd176fd5bb2a0e3e2dde69
479|1790073749|60926d7779f10ef3e99285ce56e7c0c91cc7f8ac4b555a1b16eba0df65f63ee2
480|1790074108|ee7e2750f43f5029ec6c7aa9a24f751b3bae91f747e456c047448a9ae5aebe61
481|1790074951|82065af2b6eee97ddd09731ba4e083c6ffac6296106524740f32b285eaee1689
482|1790074951|ee9f31993ee0f43edf32a5e14253ec5c5d21198a442e732787d5315d345170e7
483|1790076165|6ead0a838453329fb12c788acb610c78b9ed32ed1051c13c5b5779c5e39fc4b4
484|1790080351|1ecefe3eeafb711ab254a1750a1661cff3fb53fe54f7ccead463bf7d7925bf5b
485|1790081190|488679518131d931210de78174483570c47f69f32658ae928b134ef32d1919dd
486|1790082152|5301db67246e53a12977204be5cb006ee1e27f3c6dfadf88d606cd3cd0de5d70
487|1790082990|7c0171c677d539edb0d835d25c67a7d635bbff7b531bcda91eadf0885e4d9a85
488|1790083950|b112a76aadf966b00963c8c56086bd6b002b679e7b6ab06520a01c790c020461
489|1790084196|8da9aed1c95f1e354cc7c80d77afe5fad004fd2a963b6051759d49772b443f9d
490|1790085748|725b7791dfacbc475bb6c8391c34e6502010d1a5b5558ea5e0c0996af9e0ad68
491|1790086872|8bda4c3d0ed66456567546183ea8e4f3ed9b1376bb124653eceb1407eea40a05
492|1790103593|5527a3d79ce4a76121243304ff2596e40d9c7963efdea4f303f4ef7750760f9f
493|1790103593|0d5b7fd67379a76dc8e5d9542f50d7747c8f6b6be73a8e52a61d183cbcb75930
494|1790103593|af04b5dcb34f10d6bf5628de7d982cc0127973cf83e473e1b34a0dd05f118092
495|1790103921|e9ae9e3e93c50c88cf1fd9c3b55291c935aa4977529414896ae670b0a38b9e87
496|1790105000|a740e944b57507ed75c1f2fd1bdd50d520503364198c34e6c5dfb873be571513
497|1790108465|7d2ddc994e599773707018664eba7bf813f45cb62c993868560e8b2cc61a4e2c
498|1790132979|243271a082d7f87562a16e9da86ad03371d2aa257f4becfc1ce42c0cb05d4645
499|1790135373|023487515029d1318f4929da5b38551252795eba04ab28ada6755dc8c9daf5d8
500|1790137173|3a66613f426fc5e04cf0f3965ca855121bc2a2f0ef253762bcc757bf206f3148
501|1790138122|804f0a39c9ee6f0023f73c7c48ee9aa849418c8265667c5258bd1e4db45b1012
502|1790138981|03d3559768ec3525c491577f7af2d257d944a11a991cd37334e5e69645625cbf
503|1790140774|c2815f84e2c999dced6bae198077cc514c9a7f2461cfee450b5c29664121412c
504|1790141743|0a18720eb66918e99c4334dea509231bf637ecff6e6fddf8f010ae6520d7a28a
505|1790142693|a5c28d7c48ec4219337083b7672f4c84aaa86c4f4a72bcf97e51fd33df0fc61b
506|1790144140|385bade25d9eefef204da753483067f14cd53e1f30c4a1c5a599ec48ef81e19b
507|1790147141|93c10832c58e769de9206e1d3de8ea2ca9506ef907282f99f7a4e58e1eb0d8af
508|1790147141|d117463b4208501a890a1d743c5491ff3280be1bc64f5e3dca9c1221f58490dc
509|1790147141|fbf8bf218558e3e97bf5721027e66ea7e2a9369955e3fa4ebdc9bdcb45301918
510|1790147727|17002f360a11853cf9421e5741c65559a85c9893b90af5a09be9976e1f27d438
511|1790148567|886d3d624cea770bfdfb88b1b11d12062b43dd662c76029b4a34c6e7cf52811d
512|1790151584|5a067128c8031bba8c220535b204f755423bea5a0470b353c435cc721bbe7bd2
513|1790151584|3a85f4705d4e137bfd4dc3454b52096c93d99373270ba60646b1ff02beb1138c
514|1790153129|25ddf8fdc627ee1e014255b52f5e47c0f986f492d2d7ed2c8beaa93f9ba8f98d
515|1790153968|2385d99e26872afa8d99c0b1269f9e0ca2613de1cafd8ecebd9af70969c94598
516|1790154342|db042a59543882b4c4a52644e9c7a944ddabc6330da2cce1c5f2ec9e0e5cb607
517|1790155305|be962e2d47fee28e830b82d58104dfcf17e11f695d7c410d8531572db00a7ca3
518|1790157589|5183919b83cacfbf3e22f4501ef72f4d0beca7daa9eb04605fa0266fd6175fe6
519|1790158890|af0268ded7daf3b85fcc7860c6785c7bcf8f2296cd518534a9500fa39619112d
520|1790159981|93777238931d59ea3857b4f884095eeb11054310296c0bd2267bc6fa21d7e2af
521|1790160695|564cb2cda5bfc117b5b24d0bc78ee3a8cc8d40d11f632ec56c15f7fac47f3d2e
522|1790160695|897dc3f86775b4fffb31c1a4721f2f1d9b5bccba69890caf7f4a3f84fb4ab67d
523|1790161771|150ea5bd1a9c3d8f8c37dad3596fbe1788c9ff01537d263bc76615c0d43d45b5
524|1790162503|97b034fe82b92b9aa5e8d4b43eeea0117d7ace66eb650d45c00afe06659bc35b
525|1790166933|c1a6a8c7c61a27c2fe47d7219e18e9b6d6d0ad56afa629c6ce58aca5a79b67b7
526|1790166933|31cbeb346fda932db8887759ad106cbe9ff3a238c8a63e66db0b43b9a1a5df73
527|1790166933|90f5d497f29ba01aae9860b94afa71262fec0069dcdb5fa433730777e98f097c
528|1790169576|9ae03599ba48c64b3818f7d752eadc33448bc88007054842b3805af0575d887e
529|1790170533|822620715557c4f724dacbc3f9dce2b66379ca9ce94f10b23a660db0bf766ce0
530|1790170772|1eea7b986e0221545bd2414684fcdfc94f20d4df2fb70a4b554061d95655493e
531|1790171493|1a5598ceef893c36ff0015d4764ef8bc84ae98f5f5dbfcd12aff080f94a89375
532|1790174134|83901ca68edb62996a18afe3825af535f11c17d55597b9c41e04c3290e6a7c78
533|1790175406|e74dbb6b47764236a44b7a448d47b590c80e1b8807d503254756b69958abc41f
534|1790175722|48202aa879447bc332fb6fbd7dff688e7012ffd1f135ae0a791c039fc7db65d7
535|1790175722|8e00e988175f33c6d05f494886fdde9613c9a112e46262ce9b898e1f2ce49714
536|1790176082|3e2e0e919868ed84fa4c06aa8a0ae32f03d6a222a671ab5c4d4b5d5a2803f3aa
537|1790179564|8f864fb93a47f31a46ff08428a26ba23bfb0cd81974df90cbe975031b94c1aed
538|1790181364|f83da58f41c8bd1dd556dfeb0f8a4d4ef292dc1b068a1af1decc4164d2487724
539|1790182317|b299399721c5bfb6886e9d42301aedf291f1ce30385a469bee5ff1c0cf5531c0
540|1790186999|a19362fb883ac3b3d09a2154f40244beffa7d7cfa4a0be1dad98803173d3b4f4
541|1790215439|c8357c4f6048e0e07fd271de50ce0425bf3faf5f84b879cd77e7efe8701a5399
542|1790223602|2d0addebe909e8d4aa4e74531502bd443626eba77fbf7e694c038cc1dbe7e45c
543|1790224200|9342c3900449be4b2b0b8fc1571d740f80776afcace225ba52a450fae117aee2
544|1790225409|dea141a3f8b34be8597b5f3b8aea5b7d0195aa6b1d3d66f9dc4b72026dc5916b
545|1790226001|fd45d111f5b359c837588a6d5ad1e22312ad4bf7db2e404afdcaa045177fd36b
546|1790227203|3fa207c1ff8eb1500cbc369c31f95bf8bbe820a49f4342f0526c4cd5bb09b410
547|1790227203|0245113c7e91edebd94e6ed33f49297626efcc2419d9d4952b56a35349d1f7f6
548|1790230803|4ec5db5f17e5755bb560e2ff1d248d6a738e806a51497a1cf72bb76179841823
549|1790231404|21ff1d159ddb4492f01d0e789457b0305edc362c57afac232b1bd06e9388f383
550|1790231404|c91fc99e15511f72653a8b14bf919847a96ee878f8975ce579f8c9d669517dbd
551|1790233201|b2f2073973db6798f50d7aa0a813bc3bf85f17fba6443bff1f704a7de855cf96
552|1790234642|dda9270153624cf4d3ebc450dba3edf1747c83a4e3b37bcc4159123ee7a83916
553|1790237644|dd73d44c22080b4a32fb280dcebae1846880f4c2ec665002edf43f5854f0c582
554|1790238003|70d7cd53313bd0b0133541990b7c256c8d64ba4d86a82321e046cdf9769ffe5a
555|1790239202|a93bb374cc400842b461f2c018bca1361cbf86499b61af9c859e2f7887a62f9b
556|1790244247|9c8ebed0e43f7e43bd235421f67808dfedfe48460cb882abbabdc621ab4f3774
557|1790245326|ecd7931c11375ce334df7a0e429a457d1461234d13091c0ea282296b8bb487f8
558|1790250378|41e788886982ab923cbf0e7bf81bae5931ad72007e7609440d35483b5dde919c
559|1790255414|bdf6ae602607b6945bc8837c1c1c4ab8e84e39d7352a9c09146069a7f422609a
560|1790257816|31e04b43bdb5b1e67c597e4863a19efe3bef0e09718b61b53382f4541dbe85bf
561|1790258654|3985809c8e8a320d936accec7cef82407be983d2abe97e7cbcea2b9d9624d0a8
562|1790259016|2c2f02ef6cf000ec59b040187af452db06c9cb9497c58db926b069ca0f34bcce
563|1790259615|fe07a24dd364895bf05dfa40d1994c421874be6277f6733a08efff2e10acd387
564|1790265616|ea0c7bf34340e42b2a86c27e873d4a26ec1370c4a7cdba2ed6325fdb02db3886
565|1790268628|c32d3442a5f6c2285e5a3845b937859888fddd662f5e327db93a6a31c5babe3c
566|1790269574|fad2ed099ee1485019c41da3172519eae8253195ded02892145439524e1be7b8
567|1790272773|5ab366218d390fdd0aae7da9baebc4234ca84b79fdfb6e2f36543e2e2c59f3f3
568|1790274810|4f89af9edd724940b674e0622598580f039e024cb6ab3f6af91e9c39734ecedf
569|1790276372|8b431504596787cd664c70862096531a8f1975950ffceb14f63d92184862ea81
570|1790277570|fd2fa74884a33c0cea78c0ea85a2d3a8eb4c821046692982e377035b94f0ab9b
571|1790287522|501e6ae5a2306a5cd56d492122bffc2dab2d7f932958b4f72564d103fe1199d3
572|1790287763|26992d121a9c0f66a721638d9a21dec96d57787d63709863e3062f81cc787eb3
573|1790300004|31e4c41915888a10c46d8820538d4591584a3e8d089d6d90215e51e0dfdf69da
574|1790310801|9e4a97fe634b0507446138759e0af747377f8a5020151fc59c5c514a10ccdc3e
575|1790311764|a1e7a95a75c5cad19effd8472d2eae395f496cf58682f86af961829c24bc74d8
576|1790313563|f584892a87c4ae34d1a160d906e9f7c5bda878aee5121441ed8e991091ce541d
577|1790315123|631a29ca7e3f9f5a176d6e3feee47814a52c37a910c5cd1a82a57bc6fe2259b6
578|1790318125|fc8efd4e6bfdb98d82be39edf2769b3d44d744422c60139bdb11421c439264b8
579|1790318362|79a59b5cb73ef2c8870e7fbd11bfe1c4dd3e6b4fd408a1f0ae58902ad6556012
580|1790318965|06a582b7eb4f7414030b6c75eaea041be3df95765c8fb245448001b3ff5a0282
581|1790325099|1c7c23b6a329a0233bca58d1cff7500193f099b3b2a09d1cb1e63850bb0f17b5
582|1790328796|4f3ee6ce9ca310fe0c60a99c245920e8e0cc9d1e8775b29267ce71ec746a8f78
583|1790334188|c4773cd6cbd08cfd60812b55159c3e548f2d098e8aa30d589c6139f29c8fe3a1
584|1790342350|bbf2b8d62632b129fe5c182f9d31bd20f17387000254dc2542912b5d3af68b68
585|1790350152|5fb64dd5fcf0d5436e263ae4393a0f413112110ac3751b78d27d55e4111d51a1
586|1790350152|23f95a686c553320fd606f4b514888c82ca1b053382057735d31f538757ffc64
587|1790355552|7c0c2482a4115172775e9d9ee213455314d88ba2927337180a96f871126cca03
588|1790359750|fd941498953603d4e865723dd61dc61b84af5744a6324fff625549f21ae763f0
589|1790360951|c462c54c3e3d1e2251a01de7ca4cd64f21c73c85b9ee200cf986600f96346629
590|1790362752|ca92a8427f278784ca8bd99f33bb32ef68ca9080b3882aabc6cf8a1c150b7430
591|1790368393|7333dedb095947f6201a1fbf1b50c7c7723586e8bbfb8d50d40eb86587b834ff
592|1790372597|556b9226acdc7f9aa5ac16671d757d58cb479c5a4a520251d467d28cc4e3f72c
593|1790372956|e679ba2e9ab6530ab3091fe9f85d3a27d2771ce07201f90c6c15e411620ea939
594|1790376213|b9f3270080a8197c58c2dd33ebf3a0312326ef7e5300a4ed9365b8cb1c814667
595|1790381597|867b198b982a80f87a04672cc6193c551d91bdbd0e74470177b05f7e5cb11276
596|1790388802|e2e6b8060362dee875795a4ffe9fa9bc42357dc559cede0d4e4231c1453566b0
597|1790392398|183487ae91c4cce9f96d548084be114e2b27ba332efe4e87b309fc8ebdbfdc6e
598|1790394201|7c58ec11dd7a26dc5a3aa5855cd9385ca7507068d86c5e431c98c75f69fb10ae
599|1790396238|66a19044a13756457368f9a15a798058222a5870661632bb4c70b171e1ee51f8
600|1790401998|34d6f803396b8514db7070eaa43c22367f0019afa78dbc5aad004a004f9564b0
601|1790407997|9e7f33d5a46c0dce374b480893a0c62beb513527eaf53c00fe3263c436463c7f
602|1790413397|a375bf04731eb49f58af6651230e73b313e672b8be08143a1482ca37fe971569
603|1790414359|5fa8c3751d0061dab3cf8eec5a57fb23e39df61c37b42f6930f0f00777b2b745
604|1790422337|129957327a214a86b435f3ad8a961960ce54d18f59fc2a707a6cd444bb497e7f
605|1790425939|3d558ea250c12efe0ff78dc9eddc13f4ca0c3672f6ef54a3bf054dbfeb4395e2
606|1790426783|62c2fb7cacab98d3cd07c8ed35b316bb2d1ca933d800cb02a65b959bc3b11419
607|1790435535|74ad0ac612e755091bbe0ee8e809f4a1ad8fd5474f57ee13314fc521974cba16
608|1790441298|e89852416af2dd75d6162389a4288174b20e43c9406ec2a89f5176d272880a20
609|1790441777|9fe44cb266444e5e4a81d31ca9a97a78a8df99d954d102e932f34e96e1f1df3e
610|1790442149|497095d2ae4e097f761a0fe10b9351dc9339ffd027e25d562ef004797c8d4a21
611|1790442981|f032ede94db1509d2fa39a777544b05496eb09f17acf64546adfa1e92891d0ef
612|1790443577|e21b012df3fcb71b40af935e6abe3af19176607b648ff9c24ae58fb62990cf05
613|1790445739|2b7c171c6ab03c579c42ceed5753f11220aef2b2a3435d0d91ca6f9873f79431
614|1790448136|455e13cfc0607b75052f99ce1ab68e3810bd76b47659de375c8e9dd52db6add3
615|1790448136|2764e60817e453f133e892786e4a7b465ec3e20b403fc9bf9414dbb035ec239a
616|1790449577|e2255983bd78721afb484376535e019b282fe4a51a833c907ff433da82790454
617|1790449940|0c914150a127d881a27835b5e9fe71f416cc93d21254d29a05cc9cf272da511c
618|1790465333|82add41962076f5bbdabf935dd3e94ec1980953a93c6c31afcb9e2889e92f0ee
619|1790484779|8d23a84d5f1f2c880a46d59b570e3de54411c6e04071239d4d6fd70f581bfe12
620|1790493542|7a8405d52bf9f57b903e0d78e97ea11611959c48f5b4ac4a1b7e5f52fe81618b
621|1790498944|2330a711c7b0ad1a10500c5e4f3ecc7417c74b0215d5b8fc11633ade799c06f2
622|1790499543|db89fef0a86b378e51d9d70a1654db380cd66df5c9832c59e471d6ba7de1ff27
623|1790505552|ee732d18e9cd85846da9b61442c132e770df794fcebaa4ffe2adc3cc30031eb8
624|1790513948|aa5ddbe579e1b4284e29b72a2021713e44e5ebefa01b229607d00fe16e743ac9
625|1790514919|e7d4590a662d756538088cb847b8b7ba34aeff5a0ed49c515e3fae16d81aaf16
626|1790515148|b2d0d62c7ea81c803529856123135b5c71f2b3e9355bd519f9e5f3642144f81a
627|1790515750|b3365e1753e7b7d0009acb8c073379c7bd1e127c8f17b050b2f7e3bc393118b7
628|1790515988|a4d4a955ba82407c04c198fda79f9040d201ef3230824cc3fd87d6ac2ad862dc
629|1790516710|0e7290e5c8611124a9783a95f6d65f83e99eaa6e39c02f6504437e7e40a2e87a
630|1790517676|91d01d5e480c77fcbfe1d2c555c31836fdbfe7ade31ce895b3a02e6f866f081c
631|1790518752|ad572d14e0a03936bed77a1aabe9b97490dd62ffa0c8b186413b9d84c577a752
632|1790519107|f5cc3bdbd9ce885687229ff6b842f063877524a4da4a6a8613ea5b70c73612c9
633|1790519602|e3906b6c7277a2089491e3a167565d980ae912fdbe84b56b762fdc35e40c8e35
634|1790522080|093abef3e8293c6e842680747e658bdfefda3cf86f165e995a51bbbbcc40e357
635|1790522731|d6d0f04fea99eb91b6f058eec2b6dcdd0de37c82e5d6c9006d8644d7422011fa
636|1790523057|5455a6fafe947f76a49ad6673c45defdb9553d034459acdb0f1f9fb21d569be5
637|1790525674|ff4af5b7877c92f6bb7488fbae3cb2ebae3931d3d70d103e0e47ed9a9dc7d23c
638|1790528680|49f339a40ca79da4bb065d7091a1692965d0be94ee7ac10700e52a07b8bc3ad0
639|1790530712|689d0cb2433bf1035285c786d82bb08ff9ff0c7c44dd27edfb3780447d3841c2
640|1790531072|e05d00b85a184e88cc12de8bd083461da461b03c410d82f244b3e9dbafe5e5a2
641|1790532277|acba317ae7527d08d226cd038a9b76ced2901da772c7db85ad1a482325065dc3
642|1790535872|4c0c02e393a584677ecffcb1c8386a4175449fb69e2ae2f95a305629d42308e3
643|1790538152|ba9624107894a495dca126e0da74bf28f23c5ea07e1458ee665b348fa3e1e70a
644|1790547980|1ad55a102b9fad32a9ca587d868ceb6ca7cdb24126e55b20a760893ddfbff46e
645|1790549653|85ed8fd5d8b131f1c5be9d05da8a4cf30bee08a1955864f0322cadbac1c15b47
646|1790569819|2d14634df743948acfefaa57495257eee0b649e29d9611b4c4c6ebd87a6262f1
647|1790571749|c54e2451dbe73b8b290b7f837b2e0a2ee871183e6ec949ecd20a05bcf79f1023
648|1790572218|ef7cd421a20c411f3bda87c2290f2f5fd886a9b9699a332d9979f66bbfece742
649|1790573186|6eb1468866d0d9b55e873fd5936cf85080873e2ede263bc87115f4393e149e52
650|1790574742|3dbcdcbb67522f201d085d3021ad91f50cb6cdfeb1e8fa88e5de8784c9bd5319
651|1790575229|4862fb9912e65664e1e658543d83211edcc57af64627336c36dcaa26ecf6db2e
652|1790580626|40115133ccd80e1bfafd1d7b51925a39ad0450b64a0e1e5833cc2db61bb367c2
653|1790584819|ee17e639bdbb876aa46dba7c9e442c81835c074fb94a53967ad4dc6359ab78a9
654|1790586151|a85a8bde4808e683e35e85537d2238dfcf9c529bb6fe88a4250fb8e62b50b883
655|1790587826|2682cccdce8d0d8d082bda183a3e7af4c092caec277a420fb4cd654c0615a915
656|1790588181|df1d3cbe9a46b6a54b667223baabc06bdeb344345428f1461b5a0840ce76d96f
657|1790589748|abc530f36fbee7aff7b39cb84491fcdcf9683e05f32207e55a5379be3fc025cd
658|1790591781|3e79864d6dbf4a198ca13b69ac7626b02083e692dff7d345cc77541d6b8758f2
659|1790593585|16fb4cd01e02a45bfdd42bef069f120d736c8e5d3d71cac5fe110fb409107fa7
660|1790595030|2111f2cc1b51bccfeefee06a866ddc0bceaca319ad4354589762bbc4ef6c49cc
661|1790598989|7fb2548a5ce83b5501c1e3c6508da7a30311aa4e84e39299f0d98c1e48ddea2b
662|1790598989|450f75ae6cfb2b2fb85b12ffd55223172b917ba2520510a91ba9142eab905490
663|1790601748|c42ed29b0626221a2a2d69a2f9318820dd8f04a880e150642316f524990ae11c
664|1790602359|0860c47f2b0fc4d9369ea96e915fbadca7b8498ccc093447460009f5c98e7f79
665|1790602829|710665ae3fa3a8d29c1b3b2b2488cbc16c60a89287481aa6b2e662ae1805ec0d
666|1790604386|b78ec51ca91b3d027a140564a5169c991553322da721673fece28661e4513a8c
667|1790606187|9dc153d18454c4cf0f74170a93f4adb03d54274209361859768cb09dd682a571
668|1790607984|40ef6c4413145f230132addcf3095ba8856e1c784301a1dda85901dec99126e9
669|1790608343|1c9d5bc4287219d6296ce4b6f443b2b2df75ee3903becf9616dae3d7c627b605
670|1790610025|dbfcabd13688e31f09fe76fb4e281994eb180a2660d23a10e6aa2a2f05ccc7d0
671|1790613385|a5364de4c8b18c2698c6edb60bd32f6d824d2723036311b6a544abc7ec205d3d
672|1790614343|92f1a47fac9c5179e2acc0e47e1a865ede8d2a0de64b8064993b5234460a1968
673|1790626717|65f0036c0ca3bb53e48f636958b1981f2a0788f869cee2e20db279a4ae36fba1
674|1790655635|fd56502f15a3e454abe80e5db030ae3b23502d1fc53db253cbbcf1e710ccd2be
675|1790657796|d8ed1af2c1c9b46ab2a0f548ac59b3ad87c04ded164b780889880779b361beaa
676|1790659360|7afeff551fd764f6b2fd56f1a3571ca5dadc0b6f5cf0195fd897cb0f037820e2
677|1790661155|d31f97c76cf4537170cd1423402268cc815e9b80ebe13439dd0daccc3eb1fc52
678|1790661645|26c8be7f7151e104bce2518c9956f6bd37552e095792565f65db00cc80d42d7c
679|1790662961|05e1bababc94cc2d0fe724d36da447800a6e597f105e2a7943ab3db1e88d9d32
680|1790664400|78ae35ac028c6c48741fe35efaf16039305ba8459b28743495a00154b36a8dd3
681|1790665597|4e3ee8409ebcc41b53ce29cf2b899337367c4e675a2718d55914785f293e8215
682|1790668003|c4e0bcda18cb9f51cafdcfbb2b68d85579137158d66ac97ce229790926e957b1
683|1790671603|272fe70cad19e4955c3298aed1dbee6ccf5976f39d5a7f239d536e63a2717523
684|1790673766|2dc14905abcc2cbeba6f3e02ee7319b0789cc3f00e7aaed6917050dabe6c577b
685|1790674241|aa94cfd2b24e63bee65b7189423de728fa5a46aadab03a1727386f3a53a36912
686|1790675565|da37a9186294a3145dd3795f8977a7419bdb4635e7bfe5dc1443607de5c1c16a
687|1790675565|d508181cf25de4d5cd8fc5176211cb3708406673c1aba8a32fef6cb7dea195a3
688|1790676397|ca8c5c0e629b2660551fdfee889562da41f3e70efcce60d6bc16e1df1844ab3f
689|1790677365|569689ff48e1f366d06ef520f6789e96c2c6ad109b6c8b90260d5f63a46bd872
690|1790680966|fc50b87accadb1cc88ba65bb4aa9cf50e2b3024e767e2bd4fe23a4ab745789cd
691|1790680966|146baa95e79ed158631f7c9aa835d118751eec4480ee0793c25a546d5639690b
692|1790684208|f56b99142b7a5c79deead71bc857cc162d9b0162176737f84669663339fe7c3e
693|1790688170|9cd7dae42c86b5ebd32c627caf6171e85afe86721422a2c1cd55f059fb789d0f
694|1790689849|15df546ea971d1c0b9f267d8580d2cdb814c8ed2e7046a54c589fe0594c12dce
695|1790691768|385d2ab51698f8c1331c439aa4b94225f3d65b40fedb92506098faab252301f7
696|1790693567|61abba8da58fd71952585f99afbf6d065b17b5446af986461a1c070a5b81d7c9
697|1790700059|362096e8631543caffd7c75b3af4a627be21184c58beb6e3f8f1e233562659f4
698|1790702806|11cc34ad29d6066387526cef281143c2f804970c74bb453215fd0c959a3210a2
699|1790732218|f7ecfb48ca72d7284b5833416801cd607115e85488797739fca96a658d10bc6b
700|1790733062|f3ece3a6f5e10d01c2274c84a19746eecb0b849d8d53f7ca505579b889a1d9ad
701|1790734618|a59fefa638601f58c963d6f127e4d8fa8647b0348b92d74d3bc80c60a9326c33
702|1790742067|e2750568d5d803eeebf17baa38214f8d769ed4a4e826525cd71ff018dd90bf49
703|1790745539|87f6bfab39b7d0a7f0fdf184c6887ef3bbf23de7e87b4ed1460ccaadc674da4c
704|1790746027|fd27e0c5e168ddad69f56d388d2bf43a2eb00eb523d943172d59331ed83efac7
705|1790748059|cb906cd68d3da1c4dc73041218d565a4aae99f3bfe7fa959d7d18b5e0c089e71
706|1790749986|08748f73b5528109cfb3560a327fddc7f25e638983a4a9430f0b63c17bdd8584
707|1790750342|85cdf3d08ecb1ec62f29b340a0d7e42c2cb9b8d69d689bc33981ccff1b506a95
708|1790750819|6d9f8398469fe2b1c64af71b07709419feaca46f553ca41de2b9bacd27a2eac0
709|1790751660|28c88e0667086eab28eaaed1a684fb00079a674938f408abeac67a4d14c83e1c
710|1790753948|b338e666deb20754af54eae410204397f0be154cb3fbd8a17e062b3f8cc8260c
711|1790756217|49932793cec138a8fd074103a5ecd3ff1250df73b8fde97836954c7777ccf4b7
712|1790758989|013157b9048b74f2dc785ba1130ef373936dd50db39dffebf9d83dd1cdc44a55
713|1790760538|4617f7fcf498b51caf2fa5c46db80551801f53dab036143bdf83b548267e355a
714|1790760538|6fbae0199b97a900231f8aa7cb27aa6ce289aedccc66a548497cd318f7f8badb
715|1790760659|017e41c5e2ec4d3eeb27034cf9165e8b91ecafe3163dc002e3d008d1e75aed77
716|1790762340|0ee0b23ca1db74acc266d1b31a2761440c4a31980bd47256730de43693a8a215
717|1790764262|40a3ed971a516025fbb154c5d6b3e7be2ed87b7e57e7329c7b97acbf143b7250
718|1790764262|d9e7a7af59a83934757261512a69368fa07c45465dbda19f0440fd846a7ea09c
719|1790765828|b78f424310138e62652987d99ddbec6a7732fa4889d09b3b73482dcb5aad943d
720|1790766184|3ef11dc026168ec1b211b237b5ebcd0f0e722072c1dafcc95eaf96176600e112
721|1790768455|b94d27ac4a57f009929745237bdb60d5063ce9ac7dfad26ab733e41f781688ef
722|1790773495|12e4d2dd20c551b19fc11e6ebee21790c2f8ff846f51368248b1e21ee80fae76
723|1790773855|b2342b3b07cc07945a7dbdde74f7871f4be9cfb26bea0238f3b7ac7e44d3b8a1
724|1790775300|c0f1619fdcb0ecfec0a6545dbdfa9f49d9fc45b07047306f9b168a5523feac41
725|1790779350|2763fb936422fb734c7cdf6c11a11e46a0fc346925f2bd60c2d28876c851f7c6
726|1790781871|2e59b4273ab1453b7d3e173f063e066de72a367072071eda2ce95bcd073822be
727|1790785949|18e711686b9e93c849d34aa14d5f231fa445070078b5be96266c2144324abbcc
728|1790787899|929da71157f9d15e612116f07edfbecbcdda719b81fb89a8d5e7dbd07cc97b87
729|1790790020|26f34575019c62db562fb79282c2db1606e8fa96d88f960fb2392a2cad594474
730|1790791696|597ef517c55608b42277b9234b8701d11a1548f0c0a9d91b4e3cccd019ec1788
731|1790793378|8fa0d31f5d97ba6ec170808a4ced8377f02a9f77aa25a2f10281960376425262
732|1790795059|dc3f424f25721e5df8f39892c5b112729054b0e8e29217ed18f5fe9c6dfbb1eb
733|1790818448|e34feafabfc0d3c9df4af8eaf315146c8400641c5583a01a074be0bb80220f5a
734|1790828053|52e51e3a01ec446995c7ef0a82adb253734e510b960ee77bc612604fbb31e1f7
735|1790828414|ea372ef95cf435c06d71ea9cdc8f27db7f565a2ca39d8526046fcf8ae7122495
736|1790830222|92466b3db042a31a14dd581dd90df1359dedefdb0405eadc9191cf86d1282ae7
737|1790830222|51ba1353242045e3be97bbcb5689de6ea22c17c5f9adbfbf144a0454a91d2bf4
738|1790830222|0597fcef3150f1eee4bcf4a301248651e09f45b278e323c30c5b5c058353051b
739|1790832013|b09c81b2ee14d801d8321356282151c090c375ccdb85404486d7b344c5c27a5a
740|1790834175|0163e49073b160e1178b6011bd5a19b92e54e94a54b594aabe4ef62764e3b3dd
741|1790834412|144c062105219d79f6b721c51cb369c16a55a03b517f4209fb1680d7088add09
742|1790836813|8d5ffbd6b78ca1e110a222ea03d2a52b563ba20e2123193a8a8c02031e7313d5
743|1790837412|d5d8dfa3e8b2614dbeea1839f078cd2393a25245e2af80d0f3f32c02c23fc9ab
744|1790838372|78e4c082c5e667961c4510d7ce58389f628db41219498aa6769f8a263e7c3a10
745|1790839212|91fe92978713d20ce0b7cb91fb077e9a84835e5fd76aaab25e0ec2f3876c064d
746|1790839932|9bfe5e88ee64150435976f0fb4ba21617bf3df4b4a2948aac4c7577f746ae753
747|1790841014|f0ca755e612fed491d9ddd4a002e58cb4489f70f17dcf37818eba2cbdb427638
748|1790842819|351a13f6333267714b75c04521f9738d59efdf67eae4f00b233d58b70114d453
749|1790842819|7b20aa23c1007724e708a610da1cb2a66187e50f4ed9b71d0845cfacbdef82eb
750|1790845215|48cc668319daa96704462f9b51b21807c3ea74629e381fbada47d8b1961165c4
751|1790847011|924932b738ec547b03c48872e3c23645dc137bdad9ea32c58f6a460a46e227f5
752|1790850014|51e13f8e4a093a4322380a3c2cf1254fd944b948302b804f8fb59aa9ab70dd20
753|1790850376|9ab205aa5beaa9fc501a2baf49702588728e123398f854646b4f195d83e07640
754|1790850376|29f415d972b7841139c957b9ec7f8816767dfc34c5cea7d35759fe57f851537c
755|1790850614|38bfb11c15e5f9505d670c2c6db81b285b8b519986b33f2dfd470c33de054d4f
756|1790851817|72beae17db2c58c1969cc5fa97f244272836072b393a9b00ffcb2c617d4e0789
757|1790852538|5db873890106d1a7e5b0ab586a59385a28fed1e5948c5a85197535a5f22f1725
758|1790859016|65ffca1a7d00e227cacb5ae5eaec650865d2c08d80bceaebc76490b582135f71
759|1790861411|234a1b0e4f60249a09e7f9679fb02452ea0a2993df751a8f76b7524595b2d7cb
760|1790862013|b6b72e3982bdb5c751127985d1b10d783f708f41bb4ce934c22a9954f987b6b7
761|1790867175|880c63bb9e75cfae290f05a8a92412a17caa07ee094866ac11766b6eb0505b27
762|1790872224|7af60ea0300c5e46453dc2f084fdcda9bcbd53102c5affffeb5b734f94916225
763|1790872822|b450b9f07bfd9e552c09bcede71d15f6c46d6a2975f0016263c656a1d2e4c5bb
764|1790873426|a77ba41c5c9a95eb47c05de035e1a8dfbf9bc9d422afdce19eac28e6f1d24559
765|1790874382|1fcb1277e3c466d1034ffb13e1f367f1a26c6252714215447950bbb9a5361a81
766|1790877985|9312b6fb25318936b382321a4caadbee5fd99f3c34c700399bf107439fd372c4
767|1790882683|7ba82913eaac5370cc02932f7eef6a09e6254473360b93757691688a7bf21294
768|1790890233|64705dc6ab7eed9b8197ff3b11c0e141bd5360f6c5dc4fba593fef2faefab9db
769|1790905012|9e102de57a881614764115f6c4cee847189e5cfc8891f04ca059aba459d29f3a
770|1790916457|2bef3e8e7f671be4f2ea1508d0949819899f8871bf91f67fdf8a6761cad429a0
771|1790920178|3746021acafe64062a231c5770dd14b3b451036dcdc8f5fc2286ff0e4c06122f
772|1790921857|b72626cd1b735b4ebc94eae1c655770f3e5c861f5b828a98cfae3a4c470f25ee
773|1790926897|80e20e51bea38a889656900bc6f0324d06c49f070dbb80057dfd36315f111819
774|1790927502|88b1a2fb2a731e8bc0117c76bf3b224eb857b145f7cef4727da78090a7b83730
775|1790928697|35b44a63271900912d73733635edb6feab5cceffe719d9f857960dd22371fd3b
776|1790929057|89473bc4fee910482a6da03fbae780cb349ac664df0966051128ec950ff1b7dc
777|1790933263|db9df120fce627ec66809ad6fadf0284b9303c3ba0f4d0ece89da4b5e17d9e17
778|1790933263|0714bd37e1547cacfd8965d48b4f6f6db68ec9a8ecad23986e210166ae47da82
779|1790936619|e99141428b85bddef079dfe8171f54bb16e9b35a252c1ef8b2939a88fe6cfcd9
780|1790940820|62b16c4afda7afd16b7013512ad94304759a0508816e5f60746849ad9214cb1b
781|1790941057|4a77ef30c16c83912b3d07efbab62c0a3483e95463c6ecea10ddea37b96b819e
782|1790946227|3a1bee4d64151f3204a140bf7791cdcf72d9a9684eea81c50abf358bfa245749
783|1790949217|19c5daf2532f85e9309aa21be9753c4306f3ea332373ff0fd0bce53d09164c4d
784|1790949823|ff364420b2a3a33cba189a01d4a04cf5e5cda9081cc3139d2ecef519f78655b7
785|1790951509|03bd90385c48fbf74796847ec5bc4cf226272199ae565a3c4b99efe61f9c1716
786|1790952823|cd8562d01162b0eb5aacad9b9a17365f1e35ee998fc3e712d4525e18defe1b8b
787|1790953429|79685eb2c270ed6be225d6807ca3dca7549b384d98d2bf42eab5b06d8ed02582
788|1790956424|89438ec67e02e10aadc9897c0162bf3bac63964a43300705c6b4f75117e66c9d
789|1790960864|d3bb7082e417c2cb24f508375de9a735b0b1b14d5fb743214ac61f9e25519d23
790|1790962069|8d65cf721bd87892024348ad81fd9aa8d5dd8d66848fbf1f79481536f0d8db50
791|1790969025|a0628e5dd797e75d930de6f25a079bbbf3161fb29630e0211e96a50c52007c95
792|1790978635|7782939c21faf09175b76a74f428184a8963fbfd3ed6a45e50525bda3703010c
793|1790978991|dde5f8751e01d7ac76e7c68207f4c4a0fbd487f97c0e7be6640ae8e01bd772e1
794|1790982827|1ae93d515bb5d197aa7e2f0c96580bde36f029758c433733d50966da8a8b6bcc
795|1790988352|d01f0580a6592de499ac98fc0bd124912d498ebbed49a18ce80d3860ad8416fc
796|1790990869|88538e1568c567ad5779aaa88a8cf02fda09adf1c5d3898731989861b40fa6be
797|1790994466|8f6afc6e1a176c7da42ded5dc9c8f3661a63bf148affa55a6c8ffa9f96da117d
798|1790996867|35dbcf243ace6bb22101a130ee98b9bc2b95f4774d0c2553772335cf9bed2ad4
799|1790997225|680d94f7e0b84fb285739f2927209044ca81c49062372bc9029884fe6b5aeba5
800|1791003830|8fe67954cb9ab2beb464284edd8f52acdeb4a1aa708ed31165e8485de569b5d1
801|1791005030|9bc5d7a1ee23e728ba7d2ef79ed88a44a2d6704743cb2d038c079721ce5126d3
802|1791005632|10b04943e3ff4ff1ae14a73cf47141768680d2f66589d91652db057c968e3cd3
803|1791007430|3b0c2959d5519046ba893d12262beb70a9c49b785dc370e533084f4d820ec524
804|1791008631|7592c9b82a0461f8c63e3588da0198c21afb033fc6179e7e851576320900f2dd
805|1791010189|d3dcee72ddf449cd6fd55ec3e923fd0edbc14407959510c16ccedb376bc82593
806|1791010433|64614a152a41f3824860b9bb758884ec512828ffcb2c2010ce6f6772ad04db28
807|1791011033|b211fa44fcd523ef3603b53a76afea1426a182838ec006d4e4028dca0b7effbb
808|1791012230|5b2430df4e5e4e87bd4bb5d8bbc69cc9a203bdb68f1ab41d8c5c8873ef775c7b
809|1791012475|7f292794c5530fd3df8352cbcf2dcc7335499cd7237eb68dd07e709c81bd102d
810|1791018231|5e1e46883b65ebe9d751e2550557614c0f1927be79185e58a52b6a56e0376845
811|1791019676|a1dd1ae8428026fa8bbf575ec901671685fa14d726383fd5ca2d5f51564fddaa
812|1791020035|edf9147dd581a8454a14804ae24b3b7c0c49ecfe6cccdbdb81d1a073239f1d41
813|1791023392|5e9cd25792b65b338a9ba50d036f792974131f52f3557b7da2927267e9d2cb2c
814|1791023631|9979d9bac88e254e51b4c1d3e0dbc599b6d25e6ef004482110148831029b1305
815|1791025671|3b520cc8c6bdd76346cb507271708e6222c30b2afdd834d8aa9fee98b702e75c
816|1791026873|176ec2a2ccd7f6ea6c544a0ecb1e51dc9011dc54f21b0dbd1b280a86747398d8
817|1791033246|8eaf2419057e298d9a0e1b4e5d2024a5507c0c818ee2203b3df9f6e9d1f6a52a
818|1791035879|6204585280c00e3557dbdffcba2954b107b450a0d488fe66f83eff9c50730b98
819|1791036479|a1bc19e6c5cdfa92c8029c72af2e9fb8d0e09cab5f802ba252dd2141fd586635
820|1791038635|291afe0fb5c70dd33aa06c3ebbfc44e56afeab7e6d4a8874de26410b77648753
821|1791044993|85125d56c96fd48761139f308e5269a97087d92b90b4e68f6e04b190d1359d11
822|1791049676|d486f5a165d879669afdb388c9c8d79e075d31beb84c96f462435d51ed537cd2
823|1791051143|45a45a748d6a98744ab32f7cb16d83e3444238fdce75f50bf3721b0d6e210b92
824|1791054244|c9598ccd059bb3e742c799a8e2025e152992129f859cdd2625a55c202292c302
825|1791056035|541a5b9da828ef46acf57a03fd290a634b70d5f9fad0cc8acc62a90c7c4f4c1b
826|1791056641|50a626bbbb01631b9da817aa76cfe922938f2fd479afd856b4a9f26022bf5a88
827|1791090009|d3a0c58a1b1d82406e3119953bed196ab5048a318504233b3232580331c4988c
828|1791095529|7bcd7ebba3623cf66c7d50c6b8fc9913db63fd7c91d0f6b369731f88f9fd15b3
829|1791108490|f49d523978b4b6cbfed8498f13d2f1d855a19b01662e45bb399681e0adf80bd1
830|1791111966|00bf2affe7fdc2da1672b91a36683ae844854364736d8e2399258e5f52c1c469
831|1791117365|756c88d11a6c55d840a31a98c43caf11dcb5cc8bb75bb0c2cb86b530957a3cdb
832|1791120488|eb221bd3a6a16f0d56668f4c12b9f05ccbdcb3687b804b9de6f608d53edce319
833|1791120867|d6f499e7f693a8a0c4a9b26b78520533803536df9f3759709bdb4001743e23f4
834|1791124222|baa94ce65b560255301d8122d93b1c0f972864f4710a85ee708f2bb58c7f32ae
835|1791124222|430118dee38cf5ee8dd9057f294d7cf6ed9d46436efbfa48f7aaf463e790c22c
836|1791125173|402eee4c375d5c159d1bfbc4a41d0afc9aa40876bb14f15e2958d37c2c4887ea
837|1791126141|9e2bcf87f87cf6e5528de51e77ddb12eb112434206e75d28e1afd1a4441a51d3
838|1791126500|5b1f64a904ec380995d2d46c920102e93a42a86737835d23fdbbe35c87edbc0f
839|1791127579|3a142a1d27f5e15a4f2ceddadd81895e0b6b2f2be5375fd4ab7b6799bf0faf84
840|1791127694|3144ddcc9528c1c00b59a5556d4e422c74b0d746601d3bb8d7cc6636066305e0
841|1791131651|f4ee14cbbaa47533fd5fedf61d187b99e920728d996c894b8e4f3b8b60293fa3
842|1791132250|32ab92751d224dd3c71f37fd4a730a18a51f5fdbde1a8742c7f0eed9fd3b56f8
843|1791133462|acae110f0eb63aefbb2d36ec04d63a51212517642740737faf11639c1680b3a8
844|1791134051|74593262d15237a5e6ad4a126398f4133dd97a57dfc728ce14b06d4b1ea1452f
845|1791135385|3e14670c09e6f71944bc50d0cb764d23f550f3e860d564784fdbed6230ac7c1e
846|1791135973|cd3e5d199a9af0898c633c091c4b903ba4899dd4281d2902eecbe93e473b8f18
847|1791137544|7af8556dd49d3e2271cd24a858289df4c870afe75cd2cbd8ea79ae61d52f452d
848|1791138852|1ee4e1e45b48b54230292d74656489c4108808898d268cf76fe1cb813b4d6c8b
849|1791140667|85f16bdd2aef0a6f82e7cf7d48ea615ebd0d3bf9560c8ef4c6f092387bf325a5
850|1791170908|623311d7152cbc226989bfd6ed407f8729191d1c90b6dd6bc36947e036c20cc3
851|1791173896|41bea7caf2b0d9aabe6ce21dde582f706c883cb7aa52c6b0fdfa37675fbd8336
852|1791177028|29b0300510c995f5e866b00890861c78126fb5e703b5fed547385615dc6ef439
853|1791177028|f7dd830d768979a3846d83bd98bfc818fd8036b055f2390810f7b08dbc9fc3bf
854|1791177634|c9fbdf2a6eb1ec64e32856c70bbd88e405572669a731f2af9e71d128e6aefa4f
855|1791180263|86e3006de54a97b1b7b7ce8589762e2c07a18da9b349c2cc06e3bfb78f1e82a1
856|1791180263|fe40af60d92bd559770c160759d09df847c7b9d0733f3cf9ad73d4305e69afd3
857|1791181827|b5eb58089f11f77589cb2d4c78c55325430ad939c0b4587a3b2cff73995d7f34
858|1791182668|df355849dd9c4b71ec936fc4d14f6ad64321e9c4d8ebfa0bc8f4380f4e1e5816
859|1791183261|a856f7202d22caf9718b36156a89f16d9f7a79e8abbe5dc81ee7d1d9a79f20e7
860|1791183876|50b760d7b84c08c48017eaa324ac4498e4eb89e346e4da3c93b179cd03b0d1c9
861|1791184457|d44f594083ef8c7b614626a112c8b6e45092daa2bde6dd3b16c1f45e14ea6412
862|1791186031|9d86d6b700816fea8a342819620d49adf8c301aa8f36340664d8b3f70343cf06
863|1791186031|40725d8949c45d54e8b9cea4bf428b1b9d332f49efd5ccb8696409e95208e84f
864|1791188076|f41955d1a62a9c968e377bc24f55c0e9056eda1fa3fb60828522edbccf26a521
865|1791188789|e7718a9cdcc7fcb70bc2e6b0d1d03033929c00a652c3a1b9cf6a224a7041ae75
866|1791189985|696db79fa1ca96d7cebd37fd7ef52ba046213d898d2769016943045168d9ca48
867|1791190957|f85de92df5cc5e5985b5081cd73dec774e1288e265b567a841cb8947b3d9d42e
868|1791192144|73113560567c56f56eeb0c9c706b6e8a46121bc7f5422e7dfeb1ab646f3c5f58
869|1791193224|3bfb75c81c1e375ea2dfafb33ba988309036fe044f1f77429e10f13d4c2bdd7b
870|1791193586|6c8928224dbf94c3ca54900b044d3e1e2586925f2c2c85c7fe2a7d82d6ce939e
871|1791194063|235d16e4b2dfc7d355a5ebde09dd311a098c359e30609421462251de7a69b071
872|1791196588|4b58489c0cc26c175ab94e026104d97f426b0fe877a635fb695e647d630778fe
873|1791197318|4a2dd589889f77765f3cc95500356f1379962444d976e00ab5146b8a55dbc67d
874|1791198505|d713556c29f07fc3aa6aa8c602f8bc82ce21d35a5221c3721e8fe0a6f7a6d5c2
875|1791200199|f77ca375a5ef5f913a708f2d834bb661ae446ec8480715cabca04c41c934cc89
876|1791203672|63199a91b005d468ab32ca44453f0ca3abb34a6a1cd8be550cefbb112e25530f
877|1791204266|411b61e7aee6559faa546414dd82d2eae9e332cb4b68ae4fca7099ac89726080
878|1791204266|c8b738f231c48936d8eb99b95057cbb42947d843543a8e4569cd618f4a2b77ba
879|1791205944|30010dc5ea33c640f0b0da9f62c5af472b9beaf64aaa0fdf45e4d78d8f51a8d9
880|1791206078|63d86372756e9e0a3351b58324fae51638f946d4dacc54521c055557a9ac0d4d
881|1791207760|1964b10f23aa2d9b869c860c7120348d7e91e8cecb3177ce402c4b21fa6da05e
882|1791209190|cafffe70ae841dea815a716585057ca37fe0db5a51aacbd7f9cf0db3975ba606
883|1791211122|4cb0a0f34042033194a3d34fead1080b1509a90bcf63d487577fdd51151152f8
884|1791212911|137215f90005c66bac1d10523f343eb86acff75c99f92aa5c4c02362892b2dfb
885|1791218913|a4c1b3c564c8dd87a712c1bc65f80c095a8a04b2917857eab5a2632d082bc9b8
886|1791220469|86af25d286281780a3f55b7192cdbbdb2f1d727394a8eb23557b388865f0df23
887|1791221070|79fd205af2136349634ad418bbc4dee48090bf46fd7985773a5696fe6468ee04
888|1791224316|d992135f9ac9797849c0dd54ef13fa2364cae98663d193484a21aa710a39ae11
889|1791230077|976758429121346bc1f21d559061f95001a781fc3d759f0636692243d3971c98
890|1791233072|9bdf3ecdc772973ca89eff54e325ff8d6ff5619f095a6e9f02a858c2861e4154
891|1791235000|e6069db7cc3590f1e254d88ed57c6177c41cb17da00f5adcd2a220497ba326d3
892|1791236091|eff90e9b2f202109281e577d689487841b4745eccdaa1f19ff6025b50d2c7b07
893|1791239923|1aa64a85be51138eaee0b8656eb4851cfd89663e13c41104ba434ad3a9302344
894|1791243175|a3fdd91fb19bcbf3b4f16ed85554191a491df7dd98f13107a0ea59ad916fd23c
895|1791244360|623efc7d13d4343f5913562ab1e10f60ec9f96d61f3a2862f05ca3141b758838
896|1791260322|efb2216209dc5e36d197298a0fb352de5bb195e81f5a6040134b2997256d17bd
897|1791261164|c7659ed2255dc8fc66cf7e33ff7f675bedca6eb2c6e0290604c6d4e895daab2d
898|1791262121|0275b012e2d31c47c20b9d986062ee0aefe81ed35bf4f07cbf5bd49c7ec4dcb0
899|1791262606|31af1c8403f8ecff581617886e734cd3aba5a640f66b231f01f62134b6799422
900|1791262963|03e439012a73f9a256a55b94e4648c78ff8d8d31de202af0aa13df02914f834a
901|1791264407|af28bbad6325765c498c5550d244a64bb7e5b136a0f6384715bd537f4f01b3a6
902|1791266323|ebe9e55f8c2c65b58a882ded3b63817b63282dcc55f6b120dc00d7abcbc1e86d
903|1791266563|fe9ae10121f73f9667b9a6da26b73782f33643fa7acfde3628bcf59fd625b122
904|1791267645|a73d06ce9025710a447240cc09a54bacd19aa5db404d06b1e8056558e908a264
905|1791268979|86424e5766c226ce6cf65bd675e31f8e31e45fb383c1b7f0ca48d3fa2e6fde26
906|1791269809|8db5865cc2da5c828cee345efec4705e62b3e30d972bb7fad28d7b870be40f7f
907|1791270295|683f11160bfdff6ee2c971b111b90141cb5cd7953c762607c3f40bc2ba7804ed
908|1791270775|a32054b0bc8fb59d92dd7dc031bef2913ecaa8a58c90d1867b4a3507ccec1916
909|1791274615|fc2c7d6000ea93f60b468eee3736648810d8368392bdfbab2bed2a78be8af975
910|1791276178|7f50c436f31f4bfe5d5866d55c1b5871fab51bf6a65030d03f9f5c2abadb303f
911|1791277735|303da8e75552d1f52be6f96f0bd303fe5a550bb23c6995e81bfd3df339aa40b4
912|1791281577|0fab2ba8356c3f5953ecc06da748f741476c71cb4c98b8b1da1aac23fd7889fe
913|1791281944|37e289ddcf5d564d3912bf548d453835aee48206e509acb3b73215ebff14b451
914|1791285532|8fccaffc21b9c4f6adfca6f2e92db0464441521de52eeaf90d5fb689b55f0de4
915|1791286138|3836aab571ec0b844d1bab3ac704a8ff5be9257e8908df45d2b9aa3e6c8c8d9c
916|1791286984|a878102d397114650685d4154e46bcea46642301fbdc7944e0959c88db14a59d
917|1791288774|f0295f94ba2ca5c8e95b6ce1c7cdd4a21b2693eb5a7838eb0224ed32641cc843
918|1791289967|9b54fac18f08366f98c5c4a00d3863d38ff61f5817e190bbf3637a595efd7039
919|1791290938|17e3272cbb1493134e4fa386495d8f29a75702d101309723b2157eee3ceaba8e
920|1791293222|f83822e7f3a9ae5d717f7b9d6255ddd3dae73340a56b7eb4851af8b797c2cf2c
921|1791294535|d298f2927dd7096034be1cbff01cb2a190202dc1e97630c8a9292f5292b66a88
922|1791295489|fd4ec93615b02afa4ebfd8be9bfa9671128c34f178baabe454e8dbe3104c92a9
923|1791297534|4ae5c3951bf81f564282980667abbb33768f8fad5665ede0e3a847fd806fa4fb
924|1791299936|72e55efa76a1934cec564dfd90a3f4b0e2bf4058781ec4f2e45e3b70b3af760e
925|1791303167|2c8d158846939930652f32aa6774c5e027a3ef96865c38dd76d5080923fd3aff
926|1791304636|ff111ef7e8d6fd07463082b1796b1c91e030840a717e88e6d2c011880759bba6
927|1791305576|fbc6b22e69b2eda01e3faa90662d0180f9c2bc2ecdac54672ac1ecdf239420d9
928|1791308242|270acf4249277cbbb22673459d2862d5d49b42718fe3f0b40fb1e4fb2427de60
929|1791312789|3200f03eddd2f111b8b0bf2442344919eba5de87762c6a82a01408bb8698c6ac
930|1791313370|bc9a51c804a52f01b51f6d72d44f1d13507fd6f26fa9da1744a4ee417195e3be
931|1791316377|5f4895b42ac08a29afa411c5b22757c77cfd1013744e1c2b4f606d38c5ea5758
932|1791318535|666692b3a679af34fd94e3a615f7cbd4b1870295eec60f54548a24cdc8a7d79f
933|1791323585|e67dda1bf7972055feb539d2fbd72621efa3c82f99c818d94db23f36fa9005fb
934|1791324809|b5af1e429d6d136a2767624be2e3364db6fafd7ba7f0b13c20cf004902090675
935|1791326233|6ba6806becd06a7c635cc6fc81be523a3e8e72e2143409d3086f77fc35551fcc
936|1791329476|994a8f3c9f8f0cf5956ddfbf8aa9e831131e1208bea878a47fca7830d5c7545d
937|1791331737|d9b890e93f6a6704b2a9e7dff23215e0a4eec1fda31eda38dd15076f1117d555
938|1791334615|fbb8f540e8c23c39ac17af704b1f5b050ac56f974a8b792468347d828037a8c2
939|1791338937|bc06eda26d8bdff7ca5da807abe91103fe1f053ee362f27c7b83b0cfd7f2718e
940|1791338937|fc72c125917d79f788baad8fe3d37c4127c4580d61b604e48abb0ce6aefaa442
941|1791340266|9cb617dadbb7f882d407ec1cd8743b5e1c039929f1bb653bb2c088df1cff15e6
942|1791343033|d8c453b40cab4aa235a0cd85e49870b492c89ec76bf525de7dea3bc81c25d681
943|1791343739|60bae282e79229160304f28dad0b7e795c52bc4f66e5c21664d8f44d72fffe01
944|1791346637|2d5a2d36f281b0062523806be40cda5dc3640db07312c5b9a21ccec9492395eb
945|1791347338|a2bdaeb9e83d5b15b825fc047d3866e9ccd83a39a66a015993526edc6853d475
946|1791348544|09dcd1be287a916b07cbb375c4f3028fdd604e44a8e70cfdee1c8e57ff4c3720
947|1791349630|91ceaa5e6d633f5f136ace175aa32ff91f96793a3bfaa92ede61db7b994560cc
948|1791350469|ecdfcb37892cc3a222e2803e740ca965c763b01fb4cfdcfb828422433f29a304
949|1791350587|5b5ca5453436be969591b723b9e562b30bab19d914b722c2f5de65f8a0968681
950|1791351425|bbf6ec9801791dba1280bef90939e4d906da70d0c6ee21949036a9087d9a9981
951|1791351799|d56ec41a0ecd9418f68052cf68c29e99f42b4a31e3c4e993ba8f9abce2b6dbc2
952|1791352153|2398fb9d2e3edf08467a7b4687c03ea1da6ce4f288f3dd2707327471315aa975
953|1791354073|8a6bfc2d9a70f5e9b9829d60e9c2658dd3518dc952e4371efd5f08ca663ffd7d
954|1791355263|44ad90a4e75e9d9b5bd85c8075f1b6fc93a72d204c2124a2d0666b07e50e4f69
955|1791355400|4b2ce61be23b4703c907e5d0fed18b5f434887c6dd9c82f6e8227da79d4639df
956|1791355755|d15ab8f417d585a09e3c2282dea970521561c06e5c187c822ee692e6bbce1b87
957|1791357789|8639c896f79845d8a2ab4a480280104f47a511165bdffdd3a5e2d189f219c089
958|1791357789|68cbe01b78a7718be6faf0a500ac4da3e0fcd3f175bfd900d7d5995048c8baff
959|1791359955|a21f08134c4c7fb479616680b653dbb74b41d151c70e59048461d5a51b06b098
960|1791360555|5cfcaacfd0c9aa8c521e741eefdd9829dd74f023a54ddf82efcd4fdb71cefe4f
961|1791361164|5eb5b67bb6eaa6b86d7b3fcb8f507d10e52c11724382513ac98748d64587bd95
962|1791367749|1eeb7c78ebb4ab41745fda4466c0989d4fbb99d44f4c84195ef0f9314ac9fb34
963|1791369797|896b01d6811034734e4567a317e8d57cfacae9dd5d0bb9a7a96ee0d85de16305
964|1791370988|52739a834f0d30539f98337e752af08aa2a8ced3e856a56dd213cf6e026024c8
965|1791372067|c3b841225fa09122abefe50ba8954aed3617cb23d175d8a54a86b128d5184ce2
966|1791374966|c86e6b31567d0fc9fe7400be23f25c5377fb65cc105a7856ed8bca842819ebaa
967|1791376396|11a47eecf82c35dee50046a8d9465a5d901310be3e064d34d3b92d63c58cb41c
968|1791378801|6bdede442223c42a68e60dc8d54e9183748e2f20597fe29348ff35ab8ef865ee
969|1791379407|df350e61dcbe5e4eb376e22b8ebddd553a85a2d222089866d60cfe6412522d93
970|1791380110|11ac71f5d513e6b0c44b1b4d9e67c9277077bcd2e5735a758f6786185452036f
971|1791380962|9f442384907cd4b512a75d6d2e07629235ba5b38259a8e551f9facc495841a1b
972|1791381799|c2c6657d49fa1a840c01e12c0d41de6320b824bd540868c97f5aeedfe422aaf4
973|1791383593|aae572e6fa7dc7df975d39510bbacec6a3c6b940463e0752f3d14a2dd672ce2d
974|1791399798|420ebc9b4385832fd716f91fd014c03b165ef858556ee965487883f97823dfcd
975|1791404956|45e03fb474c007e1801744a2529678f5382f0c192f4dbc0cb0ba4c18d68315d5
976|1791416001|9c9f0cb9dc501cc771a2ca304297a63dbfc93676e1cc705d62a762a001a4680d
977|1791423455|435abd11d5dfdc61cfb5909d353b55bed69acb2abe105fb53619ea2bdc859f2d
